******************************************************************************
                  MSP430 Linker PC v18.1.2                     
******************************************************************************
>> Linked Mon Nov 25 14:43:43 2019

OUTPUT FILE NAME:   <FinalProject.out>
ENTRY POINT SYMBOL: "_c_int00_noargs"  address: 000053ec


MEMORY CONFIGURATION

         name            origin    length      used     unused   attr    fill
----------------------  --------  ---------  --------  --------  ----  --------
  SFR                   00000000   00000010  00000000  00000010  RWIX
  PERIPHERALS_8BIT      00000010   000000f0  00000000  000000f0  RWIX
  PERIPHERALS_16BIT     00000100   00000100  00000000  00000100  RWIX
  INFOB                 00001000   00000080  00000000  00000080  RWIX
  INFOA                 00001080   00000080  00000000  00000080  RWIX
  RAM                   00001100   00002000  00000076  00001f8a  RWIX
  FLASH                 00003100   0000cebe  00002a0a  0000a4b4  RWIX
  BSLSIGNATURE          0000ffbe   00000002  00000002  00000000  RWIX  ffff 
  INT00                 0000ffc0   00000002  00000000  00000002  RWIX
  INT01                 0000ffc2   00000002  00000000  00000002  RWIX
  INT02                 0000ffc4   00000002  00000000  00000002  RWIX
  INT03                 0000ffc6   00000002  00000000  00000002  RWIX
  INT04                 0000ffc8   00000002  00000000  00000002  RWIX
  INT05                 0000ffca   00000002  00000000  00000002  RWIX
  INT06                 0000ffcc   00000002  00000000  00000002  RWIX
  INT07                 0000ffce   00000002  00000000  00000002  RWIX
  INT08                 0000ffd0   00000002  00000000  00000002  RWIX
  INT09                 0000ffd2   00000002  00000000  00000002  RWIX
  INT10                 0000ffd4   00000002  00000000  00000002  RWIX
  INT11                 0000ffd6   00000002  00000000  00000002  RWIX
  INT12                 0000ffd8   00000002  00000000  00000002  RWIX
  INT13                 0000ffda   00000002  00000000  00000002  RWIX
  INT14                 0000ffdc   00000002  00000002  00000000  RWIX
  INT15                 0000ffde   00000002  00000002  00000000  RWIX
  INT16                 0000ffe0   00000002  00000002  00000000  RWIX
  INT17                 0000ffe2   00000002  00000002  00000000  RWIX
  INT18                 0000ffe4   00000002  00000002  00000000  RWIX
  INT19                 0000ffe6   00000002  00000002  00000000  RWIX
  INT20                 0000ffe8   00000002  00000002  00000000  RWIX
  INT21                 0000ffea   00000002  00000002  00000000  RWIX
  INT22                 0000ffec   00000002  00000002  00000000  RWIX
  INT23                 0000ffee   00000002  00000002  00000000  RWIX
  INT24                 0000fff0   00000002  00000002  00000000  RWIX
  INT25                 0000fff2   00000002  00000002  00000000  RWIX
  INT26                 0000fff4   00000002  00000002  00000000  RWIX
  INT27                 0000fff6   00000002  00000002  00000000  RWIX
  INT28                 0000fff8   00000002  00000002  00000000  RWIX
  INT29                 0000fffa   00000002  00000002  00000000  RWIX
  INT30                 0000fffc   00000002  00000002  00000000  RWIX
  RESET                 0000fffe   00000002  00000002  00000000  RWIX
  FLASH2                00010000   00010000  00000000  00010000  RWIX


SECTION ALLOCATION MAP

 output                                  attributes/
section   page    origin      length       input sections
--------  ----  ----------  ----------   ----------------
.bss       0    00001100    00000024     UNINITIALIZED
                  00001100    0000000a     (.common:currentLevel)
                  0000110a    00000006     (.common:difficulty)
                  00001110    00000004     (.common:ADCXval)
                  00001114    00000004     (.common:ADCYval)
                  00001118    00000004     (.common:Xper)
                  0000111c    00000004     (.common:Yper)
                  00001120    00000004     (.common:difficultyTimer)

.data      0    00001124    00000002     UNINITIALIZED
                  00001124    00000002     main.obj (.data)

.stack     0    000030b0    00000050     UNINITIALIZED
                  000030b0    00000002     rts430_eabi.lib : boot.c.obj (.stack)
                  000030b2    0000004e     --HOLE--

.text      0    00003100    000023d8     
                  00003100    00000478     rts430_eabi.lib : frcdivd.c.obj (.text:__TI_frcdivd)
                  00003578    00000350     main.obj (.text:main)
                  000038c8    000002da     main.obj (.text:sendData)
                  00003ba2    00000286     rts430_eabi.lib : frcmpyd.c.obj (.text:__TI_frcmpyd)
                  00003e28    0000026e                     : mpyd.c.obj (.text:__mspabi_mpyd)
                  00004096    0000023e     main.obj (.text:level4)
                  000042d4    00000238     rts430_eabi.lib : divd.c.obj (.text:__mspabi_divd)
                  0000450c    00000236     main.obj (.text:level2)
                  00004742    00000236     main.obj (.text:level6)
                  00004978    0000019e     main.obj (.text:level3)
                  00004b16    0000019a     main.obj (.text:level5)
                  00004cb0    00000196     main.obj (.text:level1)
                  00004e46    000000ac     rts430_eabi.lib : fltlid.c.obj (.text:__mspabi_fltlid)
                  00004ef2    0000008c                     : cvtdf.c.obj (.text:__mspabi_cvtdf)
                  00004f7e    00000084     main.obj (.text:mainMenu)
                  00005002    0000007c     rts430_eabi.lib : copy_decompress_lzss.c.obj (.text:decompress:lzss:__TI_decompress_lzss)
                  0000507e    0000005c                     : lsr32.asm.obj (.text:l_lsr_const)
                  000050da    00000058                     : autoinit.c.obj (.text:__TI_auto_init_nobinit_nopinit_hold_wdt:__TI_auto_init_nobinit_nopinit_hold_wdt)
                  00005132    0000004c                     : lsr16.asm.obj (.text)
                  0000517e    0000004a                     : fs_cmp.asm.obj (.text)
                  000051c8    00000040     main.obj (.text:UART_getline)
                  00005208    0000003e     main.obj (.text:ADC_setup)
                  00005246    0000003e     rts430_eabi.lib : asr32.asm.obj (.text:l_asr_const)
                  00005284    0000003e                     : lsl32.asm.obj (.text:l_lsl_const)
                  000052c2    0000002e                     : mult32_hw.asm.obj (.text)
                  000052f0    0000002c                     : asr16.asm.obj (.text)
                  0000531c    0000002c                     : lsl16.asm.obj (.text)
                  00005348    00000024     main.obj (.text:UART_initialize)
                  0000536c    00000024     main.obj (.text:UART_sendString)
                  00005390    00000020     main.obj (.text:SPI_setup)
                  000053b0    00000020     main.obj (.text:timerA_isr)
                  000053d0    0000001c     main.obj (.text:ADC12ISR)
                  000053ec    0000001c     rts430_eabi.lib : boot.c.obj (.text:_c_int00_noargs)
                  00005408    00000018                     : strcmp.c.obj (.text:strcmp)
                  00005420    00000016     main.obj (.text:SPISetState)
                  00005436    00000014     main.obj (.text:TimerA_setup)
                  0000544a    00000014     rts430_eabi.lib : copy_zero_init.c.obj (.text:decompress:ZI:__TI_zero_init_nomemset:__TI_zero_init_nomemset)
                  0000545e    00000014                     : mult16_hw.asm.obj (.text)
                  00005472    00000012                     : copy_decompress_none.c.obj (.text:decompress:none:__TI_decompress_none)
                  00005484    00000012                     : memcpy.c.obj (.text:memcpy)
                  00005496    00000010                     : epilog.asm.obj (.text)
                  000054a6    0000000e                     : strlen.c.obj (.text:strlen)
                  000054b4    0000000c     main.obj (.text:UART_getCharacter)
                  000054c0    0000000c     main.obj (.text:UART_sendCharacter)
                  000054cc    00000006     rts430_eabi.lib : exit.c.obj (.text:abort)
                  000054d2    00000004                     : pre_init.c.obj (.text:_system_pre_init)
                  000054d6    00000002                     : startup.c.obj (.text:_system_post_cinit)

.const     0    000054d8    00000612     
                  000054d8    00000612     main.obj (.const:.string)

.text:_isr 
*          0    00005aea    00000008     
                  00005aea    00000008     rts430_eabi.lib : isr_trap.asm.obj (.text:_isr:__TI_ISR_TRAP)

.cinit     0    00005af2    00000018     
                  00005af2    00000006     (.cinit..data.load) [load image]
                  00005af8    00000006     (__TI_handler_table)
                  00005afe    00000004     (.cinit..bss.load) [load image, compression = zero_init]
                  00005b02    00000008     (__TI_cinit_table)

.binit     0    00003100    00000000     

.init_array 
*          0    00003100    00000000     UNINITIALIZED

DAC12      0    0000ffdc    00000002     
                  0000ffdc    00000002     rts430_eabi.lib : int14.asm.obj (.int14)

DMA        0    0000ffde    00000002     
                  0000ffde    00000002     rts430_eabi.lib : int15.asm.obj (.int15)

BASICTIMER 
*          0    0000ffe0    00000002     
                  0000ffe0    00000002     rts430_eabi.lib : int16.asm.obj (.int16)

PORT2      0    0000ffe2    00000002     
                  0000ffe2    00000002     rts430_eabi.lib : int17.asm.obj (.int17)

USART1TX   0    0000ffe4    00000002     
                  0000ffe4    00000002     rts430_eabi.lib : int18.asm.obj (.int18)

USART1RX   0    0000ffe6    00000002     
                  0000ffe6    00000002     rts430_eabi.lib : int19.asm.obj (.int19)

PORT1      0    0000ffe8    00000002     
                  0000ffe8    00000002     rts430_eabi.lib : int20.asm.obj (.int20)

TIMERA1    0    0000ffea    00000002     
                  0000ffea    00000002     rts430_eabi.lib : int21.asm.obj (.int21)

TIMERA0    0    0000ffec    00000002     
                  0000ffec    00000002     main.obj (.int22)

ADC12      0    0000ffee    00000002     
                  0000ffee    00000002     main.obj (.int23)

USCIAB0TX 
*          0    0000fff0    00000002     
                  0000fff0    00000002     rts430_eabi.lib : int24.asm.obj (.int24)

USCIAB0RX 
*          0    0000fff2    00000002     
                  0000fff2    00000002     rts430_eabi.lib : int25.asm.obj (.int25)

WDT        0    0000fff4    00000002     
                  0000fff4    00000002     rts430_eabi.lib : int26.asm.obj (.int26)

COMPARATORA 
*          0    0000fff6    00000002     
                  0000fff6    00000002     rts430_eabi.lib : int27.asm.obj (.int27)

TIMERB1    0    0000fff8    00000002     
                  0000fff8    00000002     rts430_eabi.lib : int28.asm.obj (.int28)

TIMERB0    0    0000fffa    00000002     
                  0000fffa    00000002     rts430_eabi.lib : int29.asm.obj (.int29)

NMI        0    0000fffc    00000002     
                  0000fffc    00000002     rts430_eabi.lib : int30.asm.obj (.int30)

.reset     0    0000fffe    00000002     
                  0000fffe    00000002     rts430_eabi.lib : boot.c.obj (.reset)

$fill000   0    0000ffbe    00000002     
                  0000ffbe    00000002     --HOLE-- [fill = ffff]

MODULE SUMMARY

       Module                       code   ro data   rw data
       ------                       ----   -------   -------
    .\
       main.obj                     5002   1558      38     
    +--+----------------------------+------+---------+---------+
       Total:                       5002   1558      38     
                                                            
    C:\ti\ccsv8\tools\compiler\ti-cgt-msp430_18.1.2.LTS\lib\rts430_eabi.lib
       frcdivd.c.obj                1144   0         0      
       frcmpyd.c.obj                646    0         0      
       mpyd.c.obj                   622    0         0      
       divd.c.obj                   568    0         0      
       fltlid.c.obj                 172    0         0      
       cvtdf.c.obj                  140    0         0      
       copy_decompress_lzss.c.obj   124    0         0      
       lsr32.asm.obj                92     0         0      
       autoinit.c.obj               88     0         0      
       lsr16.asm.obj                76     0         0      
       fs_cmp.asm.obj               74     0         0      
       asr32.asm.obj                62     0         0      
       lsl32.asm.obj                62     0         0      
       mult32_hw.asm.obj            46     0         0      
       asr16.asm.obj                44     0         0      
       lsl16.asm.obj                44     0         0      
       boot.c.obj                   28     2         0      
       strcmp.c.obj                 24     0         0      
       copy_zero_init.c.obj         20     0         0      
       mult16_hw.asm.obj            20     0         0      
       copy_decompress_none.c.obj   18     0         0      
       memcpy.c.obj                 18     0         0      
       epilog.asm.obj               16     0         0      
       strlen.c.obj                 14     0         0      
       isr_trap.asm.obj             8      0         0      
       exit.c.obj                   6      0         0      
       pre_init.c.obj               4      0         0      
       int14.asm.obj                0      2         0      
       int15.asm.obj                0      2         0      
       int16.asm.obj                0      2         0      
       int17.asm.obj                0      2         0      
       int18.asm.obj                0      2         0      
       int19.asm.obj                0      2         0      
       int20.asm.obj                0      2         0      
       int21.asm.obj                0      2         0      
       int24.asm.obj                0      2         0      
       int25.asm.obj                0      2         0      
       int26.asm.obj                0      2         0      
       int27.asm.obj                0      2         0      
       int28.asm.obj                0      2         0      
       int29.asm.obj                0      2         0      
       int30.asm.obj                0      2         0      
       startup.c.obj                2      0         0      
    +--+----------------------------+------+---------+---------+
       Total:                       4182   32        0      
                                                            
       Stack:                       0      0         80     
       Linker Generated:            0      24        0      
    +--+----------------------------+------+---------+---------+
       Grand Total:                 9184   1614      118    


LINKER GENERATED COPY TABLES

__TI_cinit_table @ 00005b02 records: 2, size/record: 4, table size: 8
	.data: load addr=00005af2, load size=00000006 bytes, run addr=00001124, run size=00000002 bytes, compression=copy
	.bss: load addr=00005afe, load size=00000004 bytes, run addr=00001100, run size=00000024 bytes, compression=zero_init


LINKER GENERATED HANDLER TABLE

__TI_handler_table @ 00005af8 records: 3, size/record: 2, table size: 6
	index: 0, handler: __TI_zero_init
	index: 1, handler: __TI_decompress_lzss
	index: 2, handler: __TI_decompress_none


GLOBAL SYMBOLS: SORTED ALPHABETICALLY BY Name 

address   name                                   
-------   ----                                   
000001a0  ADC12CTL0                              
000001a2  ADC12CTL1                              
000001a6  ADC12IE                                
000001a4  ADC12IFG                               
000053d0  ADC12ISR                               
000001a8  ADC12IV                                
00000080  ADC12MCTL0                             
00000081  ADC12MCTL1                             
0000008a  ADC12MCTL10                            
0000008b  ADC12MCTL11                            
0000008c  ADC12MCTL12                            
0000008d  ADC12MCTL13                            
0000008e  ADC12MCTL14                            
0000008f  ADC12MCTL15                            
00000082  ADC12MCTL2                             
00000083  ADC12MCTL3                             
00000084  ADC12MCTL4                             
00000085  ADC12MCTL5                             
00000086  ADC12MCTL6                             
00000087  ADC12MCTL7                             
00000088  ADC12MCTL8                             
00000089  ADC12MCTL9                             
00000140  ADC12MEM0                              
00000142  ADC12MEM1                              
00000154  ADC12MEM10                             
00000156  ADC12MEM11                             
00000158  ADC12MEM12                             
0000015a  ADC12MEM13                             
0000015c  ADC12MEM14                             
0000015e  ADC12MEM15                             
00000144  ADC12MEM2                              
00000146  ADC12MEM3                              
00000148  ADC12MEM4                              
0000014a  ADC12MEM5                              
0000014c  ADC12MEM6                              
0000014e  ADC12MEM7                              
00000150  ADC12MEM8                              
00000152  ADC12MEM9                              
00001110  ADCXval                                
00001114  ADCYval                                
00005208  ADC_setup                              
00000046  BTCNT1                                 
00000046  BTCNT12                                
00000047  BTCNT2                                 
00000040  BTCTL                                  
000054cc  C$$EXIT                                
00000059  CACTL1                                 
0000005a  CACTL2                                 
0000005b  CAPD                                   
000001c0  DAC12_0CTL                             
000001c8  DAC12_0DAT                             
000001c2  DAC12_1CTL                             
000001ca  DAC12_1DAT                             
000001d0  DMA0CTL                                
000001d6  DMA0DA                                 
000001d6  DMA0DAL                                
000001d2  DMA0SA                                 
000001d2  DMA0SAL                                
000001da  DMA0SZ                                 
000001dc  DMA1CTL                                
000001e2  DMA1DA                                 
000001e2  DMA1DAL                                
000001de  DMA1SA                                 
000001de  DMA1SAL                                
000001e6  DMA1SZ                                 
000001e8  DMA2CTL                                
000001ee  DMA2DA                                 
000001ee  DMA2DAL                                
000001ea  DMA2SA                                 
000001ea  DMA2SAL                                
000001f2  DMA2SZ                                 
00000122  DMACTL0                                
00000124  DMACTL1                                
00000126  DMAIV                                  
00000128  FCTL1                                  
0000012a  FCTL2                                  
0000012c  FCTL3                                  
00000053  FLL_CTL0                               
00000054  FLL_CTL1                               
00000000  IE1                                    
00000001  IE2                                    
00000002  IFG1                                   
00000003  IFG2                                   
00000090  LCDACTL                                
000000ac  LCDAPCTL0                              
000000ad  LCDAPCTL1                              
000000ae  LCDAVCTL0                              
000000af  LCDAVCTL1                              
00000091  LCDM1                                  
0000009a  LCDM10                                 
0000009b  LCDM11                                 
0000009c  LCDM12                                 
0000009d  LCDM13                                 
0000009e  LCDM14                                 
0000009f  LCDM15                                 
000000a0  LCDM16                                 
000000a1  LCDM17                                 
000000a2  LCDM18                                 
000000a3  LCDM19                                 
00000092  LCDM2                                  
000000a4  LCDM20                                 
00000093  LCDM3                                  
00000094  LCDM4                                  
00000095  LCDM5                                  
00000096  LCDM6                                  
00000097  LCDM7                                  
00000098  LCDM8                                  
00000099  LCDM9                                  
00000134  MAC                                    
00000136  MACS                                   
00000005  ME2                                    
00000130  MPY                                    
00000132  MPYS                                   
000000c0  OA0CTL0                                
000000c1  OA0CTL1                                
000000c2  OA1CTL0                                
000000c3  OA1CTL1                                
000000c4  OA2CTL0                                
000000c5  OA2CTL1                                
00000138  OP2                                    
0000000d  P10DIR                                 
00000009  P10IN                                  
0000000b  P10OUT                                 
0000000f  P10SEL                                 
00000022  P1DIR                                  
00000025  P1IE                                   
00000024  P1IES                                  
00000023  P1IFG                                  
00000020  P1IN                                   
00000021  P1OUT                                  
00000026  P1SEL                                  
0000002a  P2DIR                                  
0000002d  P2IE                                   
0000002c  P2IES                                  
0000002b  P2IFG                                  
00000028  P2IN                                   
00000029  P2OUT                                  
0000002e  P2SEL                                  
0000001a  P3DIR                                  
00000018  P3IN                                   
00000019  P3OUT                                  
0000001b  P3SEL                                  
0000001e  P4DIR                                  
0000001c  P4IN                                   
0000001d  P4OUT                                  
0000001f  P4SEL                                  
00000032  P5DIR                                  
00000030  P5IN                                   
00000031  P5OUT                                  
00000033  P5SEL                                  
00000036  P6DIR                                  
00000034  P6IN                                   
00000035  P6OUT                                  
00000037  P6SEL                                  
0000003c  P7DIR                                  
00000038  P7IN                                   
0000003a  P7OUT                                  
0000003e  P7SEL                                  
0000003d  P8DIR                                  
00000039  P8IN                                   
0000003b  P8OUT                                  
0000003f  P8SEL                                  
0000000c  P9DIR                                  
00000008  P9IN                                   
0000000a  P9OUT                                  
0000000e  P9SEL                                  
0000003c  PADIR                                  
00000038  PAIN                                   
0000003a  PAOUT                                  
0000003e  PASEL                                  
0000000c  PBDIR                                  
00000008  PBIN                                   
0000000a  PBOUT                                  
0000000e  PBSEL                                  
0000013c  RESHI                                  
0000013a  RESLO                                  
00000041  RTCCTL                                 
0000004c  RTCDATE                                
0000004c  RTCDAY                                 
0000004d  RTCMON                                 
00000042  RTCNT1                                 
00000043  RTCNT2                                 
00000044  RTCNT3                                 
00000045  RTCNT4                                 
00000042  RTCTIM0                                
00000044  RTCTIM1                                
00000040  RTCTL                                  
0000004e  RTCYEAR                                
0000004f  RTCYEARH                               
0000004e  RTCYEARL                               
00000050  SCFI0                                  
00000051  SCFI1                                  
00000052  SCFQCTL                                
00005420  SPISetState                            
00005390  SPI_setup                              
0000013e  SUMEXT                                 
00000056  SVSCTL                                 
00000172  TACCR0                                 
00000174  TACCR1                                 
00000176  TACCR2                                 
00000162  TACCTL0                                
00000164  TACCTL1                                
00000166  TACCTL2                                
00000160  TACTL                                  
0000012e  TAIV                                   
00000170  TAR                                    
00000192  TBCCR0                                 
00000194  TBCCR1                                 
00000196  TBCCR2                                 
00000198  TBCCR3                                 
0000019a  TBCCR4                                 
0000019c  TBCCR5                                 
0000019e  TBCCR6                                 
00000182  TBCCTL0                                
00000184  TBCCTL1                                
00000186  TBCCTL2                                
00000188  TBCCTL3                                
0000018a  TBCCTL4                                
0000018c  TBCCTL5                                
0000018e  TBCCTL6                                
00000180  TBCTL                                  
0000011e  TBIV                                   
00000190  TBR                                    
00005436  TimerA_setup                           
0000007c  U1BR0                                  
0000007d  U1BR1                                  
00000078  U1CTL                                  
0000007b  U1MCTL                                 
0000007a  U1RCTL                                 
0000007e  U1RXBUF                                
00000079  U1TCTL                                 
0000007f  U1TXBUF                                
000054b4  UART_getCharacter                      
000051c8  UART_getline                           
00005348  UART_initialize                        
000054c0  UART_sendCharacter                     
0000536c  UART_sendString                        
0000005d  UCA0ABCTL                              
00000062  UCA0BR0                                
00000063  UCA0BR1                                
00000060  UCA0CTL0                               
00000061  UCA0CTL1                               
0000005f  UCA0IRRCTL                             
0000005e  UCA0IRTCTL                             
00000064  UCA0MCTL                               
00000066  UCA0RXBUF                              
00000065  UCA0STAT                               
00000067  UCA0TXBUF                              
0000006a  UCB0BR0                                
0000006b  UCB0BR1                                
00000068  UCB0CTL0                               
00000069  UCB0CTL1                               
0000006c  UCB0I2CIE                              
00000118  UCB0I2COA                              
0000011a  UCB0I2CSA                              
0000006e  UCB0RXBUF                              
0000006d  UCB0STAT                               
0000006f  UCB0TXBUF                              
00000120  WDTCTL                                 
00001118  Xper                                   
0000111c  Yper                                   
00003100  __STACK_END                            
00000050  __STACK_SIZE                           
00005b02  __TI_CINIT_Base                        
00005b0a  __TI_CINIT_Limit                       
00005af8  __TI_Handler_Table_Base                
00005afe  __TI_Handler_Table_Limit               
00005aea  __TI_ISR_TRAP                          
000050da  __TI_auto_init_nobinit_nopinit_hold_wdt
00005002  __TI_decompress_lzss                   
00005472  __TI_decompress_none                   
00003100  __TI_frcdivd                           
00003ba2  __TI_frcmpyd                           
0000ffdc  __TI_int14                             
0000ffde  __TI_int15                             
0000ffe0  __TI_int16                             
0000ffe2  __TI_int17                             
0000ffe4  __TI_int18                             
0000ffe6  __TI_int19                             
0000ffe8  __TI_int20                             
0000ffea  __TI_int21                             
0000ffec  __TI_int22                             
0000ffee  __TI_int23                             
0000fff0  __TI_int24                             
0000fff2  __TI_int25                             
0000fff4  __TI_int26                             
0000fff6  __TI_int27                             
0000fff8  __TI_int28                             
0000fffa  __TI_int29                             
0000fffc  __TI_int30                             
ffffffff  __TI_pprof_out_hndl                    
ffffffff  __TI_prof_data_size                    
ffffffff  __TI_prof_data_start                   
0000544a  __TI_zero_init_nomemset                
ffffffff  __c_args__                             
0000517e  __mspabi_cmpf                          
00004ef2  __mspabi_cvtdf                         
000042d4  __mspabi_divd                          
00004e46  __mspabi_fltlid                        
000054a2  __mspabi_func_epilog_1                 
000054a0  __mspabi_func_epilog_2                 
0000549e  __mspabi_func_epilog_3                 
0000549c  __mspabi_func_epilog_4                 
0000549a  __mspabi_func_epilog_5                 
00005498  __mspabi_func_epilog_6                 
00005496  __mspabi_func_epilog_7                 
00003e28  __mspabi_mpyd                          
0000545e  __mspabi_mpyi_hw                       
000052c2  __mspabi_mpyl_hw                       
0000531c  __mspabi_slli                          
00005344  __mspabi_slli_1                        
00005332  __mspabi_slli_10                       
00005330  __mspabi_slli_11                       
0000532e  __mspabi_slli_12                       
0000532c  __mspabi_slli_13                       
0000532a  __mspabi_slli_14                       
00005328  __mspabi_slli_15                       
00005342  __mspabi_slli_2                        
00005340  __mspabi_slli_3                        
0000533e  __mspabi_slli_4                        
0000533c  __mspabi_slli_5                        
0000533a  __mspabi_slli_6                        
00005338  __mspabi_slli_7                        
00005336  __mspabi_slli_8                        
00005334  __mspabi_slli_9                        
000052bc  __mspabi_slll_1                        
00005298  __mspabi_slll_10                       
00005294  __mspabi_slll_11                       
00005290  __mspabi_slll_12                       
0000528c  __mspabi_slll_13                       
00005288  __mspabi_slll_14                       
00005284  __mspabi_slll_15                       
000052b8  __mspabi_slll_2                        
000052b4  __mspabi_slll_3                        
000052b0  __mspabi_slll_4                        
000052ac  __mspabi_slll_5                        
000052a8  __mspabi_slll_6                        
000052a4  __mspabi_slll_7                        
000052a0  __mspabi_slll_8                        
0000529c  __mspabi_slll_9                        
000052f0  __mspabi_srai                          
00005318  __mspabi_srai_1                        
00005306  __mspabi_srai_10                       
00005304  __mspabi_srai_11                       
00005302  __mspabi_srai_12                       
00005300  __mspabi_srai_13                       
000052fe  __mspabi_srai_14                       
000052fc  __mspabi_srai_15                       
00005316  __mspabi_srai_2                        
00005314  __mspabi_srai_3                        
00005312  __mspabi_srai_4                        
00005310  __mspabi_srai_5                        
0000530e  __mspabi_srai_6                        
0000530c  __mspabi_srai_7                        
0000530a  __mspabi_srai_8                        
00005308  __mspabi_srai_9                        
0000527e  __mspabi_sral_1                        
0000525a  __mspabi_sral_10                       
00005256  __mspabi_sral_11                       
00005252  __mspabi_sral_12                       
0000524e  __mspabi_sral_13                       
0000524a  __mspabi_sral_14                       
00005246  __mspabi_sral_15                       
0000527a  __mspabi_sral_2                        
00005276  __mspabi_sral_3                        
00005272  __mspabi_sral_4                        
0000526e  __mspabi_sral_5                        
0000526a  __mspabi_sral_6                        
00005266  __mspabi_sral_7                        
00005262  __mspabi_sral_8                        
0000525e  __mspabi_sral_9                        
00005132  __mspabi_srli                          
00005178  __mspabi_srli_1                        
00005154  __mspabi_srli_10                       
00005150  __mspabi_srli_11                       
0000514c  __mspabi_srli_12                       
00005148  __mspabi_srli_13                       
00005144  __mspabi_srli_14                       
00005140  __mspabi_srli_15                       
00005174  __mspabi_srli_2                        
00005170  __mspabi_srli_3                        
0000516c  __mspabi_srli_4                        
00005168  __mspabi_srli_5                        
00005164  __mspabi_srli_6                        
00005160  __mspabi_srli_7                        
0000515c  __mspabi_srli_8                        
00005158  __mspabi_srli_9                        
000050d2  __mspabi_srll_1                        
0000509c  __mspabi_srll_10                       
00005096  __mspabi_srll_11                       
00005090  __mspabi_srll_12                       
0000508a  __mspabi_srll_13                       
00005084  __mspabi_srll_14                       
0000507e  __mspabi_srll_15                       
000050cc  __mspabi_srll_2                        
000050c6  __mspabi_srll_3                        
000050c0  __mspabi_srll_4                        
000050ba  __mspabi_srll_5                        
000050b4  __mspabi_srll_6                        
000050ae  __mspabi_srll_7                        
000050a8  __mspabi_srll_8                        
000050a2  __mspabi_srll_9                        
000053ec  _c_int00_noargs                        
0000fffe  _reset_vector                          
000030b0  _stack                                 
000054d6  _system_post_cinit                     
000054d2  _system_pre_init                       
000054cc  abort                                  
00001124  creditNum                              
00001100  currentLevel                           
0000110a  difficulty                             
00001120  difficultyTimer                        
00004cb0  level1                                 
0000450c  level2                                 
00004978  level3                                 
00004096  level4                                 
00004b16  level5                                 
00004742  level6                                 
00003578  main                                   
00004f7e  mainMenu                               
00005484  memcpy                                 
000038c8  sendData                               
00005408  strcmp                                 
000054a6  strlen                                 
000053b0  timerA_isr                             


GLOBAL SYMBOLS: SORTED BY Symbol Address 

address   name                                   
-------   ----                                   
00000000  IE1                                    
00000001  IE2                                    
00000002  IFG1                                   
00000003  IFG2                                   
00000005  ME2                                    
00000008  P9IN                                   
00000008  PBIN                                   
00000009  P10IN                                  
0000000a  P9OUT                                  
0000000a  PBOUT                                  
0000000b  P10OUT                                 
0000000c  P9DIR                                  
0000000c  PBDIR                                  
0000000d  P10DIR                                 
0000000e  P9SEL                                  
0000000e  PBSEL                                  
0000000f  P10SEL                                 
00000018  P3IN                                   
00000019  P3OUT                                  
0000001a  P3DIR                                  
0000001b  P3SEL                                  
0000001c  P4IN                                   
0000001d  P4OUT                                  
0000001e  P4DIR                                  
0000001f  P4SEL                                  
00000020  P1IN                                   
00000021  P1OUT                                  
00000022  P1DIR                                  
00000023  P1IFG                                  
00000024  P1IES                                  
00000025  P1IE                                   
00000026  P1SEL                                  
00000028  P2IN                                   
00000029  P2OUT                                  
0000002a  P2DIR                                  
0000002b  P2IFG                                  
0000002c  P2IES                                  
0000002d  P2IE                                   
0000002e  P2SEL                                  
00000030  P5IN                                   
00000031  P5OUT                                  
00000032  P5DIR                                  
00000033  P5SEL                                  
00000034  P6IN                                   
00000035  P6OUT                                  
00000036  P6DIR                                  
00000037  P6SEL                                  
00000038  P7IN                                   
00000038  PAIN                                   
00000039  P8IN                                   
0000003a  P7OUT                                  
0000003a  PAOUT                                  
0000003b  P8OUT                                  
0000003c  P7DIR                                  
0000003c  PADIR                                  
0000003d  P8DIR                                  
0000003e  P7SEL                                  
0000003e  PASEL                                  
0000003f  P8SEL                                  
00000040  BTCTL                                  
00000040  RTCTL                                  
00000041  RTCCTL                                 
00000042  RTCNT1                                 
00000042  RTCTIM0                                
00000043  RTCNT2                                 
00000044  RTCNT3                                 
00000044  RTCTIM1                                
00000045  RTCNT4                                 
00000046  BTCNT1                                 
00000046  BTCNT12                                
00000047  BTCNT2                                 
0000004c  RTCDATE                                
0000004c  RTCDAY                                 
0000004d  RTCMON                                 
0000004e  RTCYEAR                                
0000004e  RTCYEARL                               
0000004f  RTCYEARH                               
00000050  SCFI0                                  
00000050  __STACK_SIZE                           
00000051  SCFI1                                  
00000052  SCFQCTL                                
00000053  FLL_CTL0                               
00000054  FLL_CTL1                               
00000056  SVSCTL                                 
00000059  CACTL1                                 
0000005a  CACTL2                                 
0000005b  CAPD                                   
0000005d  UCA0ABCTL                              
0000005e  UCA0IRTCTL                             
0000005f  UCA0IRRCTL                             
00000060  UCA0CTL0                               
00000061  UCA0CTL1                               
00000062  UCA0BR0                                
00000063  UCA0BR1                                
00000064  UCA0MCTL                               
00000065  UCA0STAT                               
00000066  UCA0RXBUF                              
00000067  UCA0TXBUF                              
00000068  UCB0CTL0                               
00000069  UCB0CTL1                               
0000006a  UCB0BR0                                
0000006b  UCB0BR1                                
0000006c  UCB0I2CIE                              
0000006d  UCB0STAT                               
0000006e  UCB0RXBUF                              
0000006f  UCB0TXBUF                              
00000078  U1CTL                                  
00000079  U1TCTL                                 
0000007a  U1RCTL                                 
0000007b  U1MCTL                                 
0000007c  U1BR0                                  
0000007d  U1BR1                                  
0000007e  U1RXBUF                                
0000007f  U1TXBUF                                
00000080  ADC12MCTL0                             
00000081  ADC12MCTL1                             
00000082  ADC12MCTL2                             
00000083  ADC12MCTL3                             
00000084  ADC12MCTL4                             
00000085  ADC12MCTL5                             
00000086  ADC12MCTL6                             
00000087  ADC12MCTL7                             
00000088  ADC12MCTL8                             
00000089  ADC12MCTL9                             
0000008a  ADC12MCTL10                            
0000008b  ADC12MCTL11                            
0000008c  ADC12MCTL12                            
0000008d  ADC12MCTL13                            
0000008e  ADC12MCTL14                            
0000008f  ADC12MCTL15                            
00000090  LCDACTL                                
00000091  LCDM1                                  
00000092  LCDM2                                  
00000093  LCDM3                                  
00000094  LCDM4                                  
00000095  LCDM5                                  
00000096  LCDM6                                  
00000097  LCDM7                                  
00000098  LCDM8                                  
00000099  LCDM9                                  
0000009a  LCDM10                                 
0000009b  LCDM11                                 
0000009c  LCDM12                                 
0000009d  LCDM13                                 
0000009e  LCDM14                                 
0000009f  LCDM15                                 
000000a0  LCDM16                                 
000000a1  LCDM17                                 
000000a2  LCDM18                                 
000000a3  LCDM19                                 
000000a4  LCDM20                                 
000000ac  LCDAPCTL0                              
000000ad  LCDAPCTL1                              
000000ae  LCDAVCTL0                              
000000af  LCDAVCTL1                              
000000c0  OA0CTL0                                
000000c1  OA0CTL1                                
000000c2  OA1CTL0                                
000000c3  OA1CTL1                                
000000c4  OA2CTL0                                
000000c5  OA2CTL1                                
00000118  UCB0I2COA                              
0000011a  UCB0I2CSA                              
0000011e  TBIV                                   
00000120  WDTCTL                                 
00000122  DMACTL0                                
00000124  DMACTL1                                
00000126  DMAIV                                  
00000128  FCTL1                                  
0000012a  FCTL2                                  
0000012c  FCTL3                                  
0000012e  TAIV                                   
00000130  MPY                                    
00000132  MPYS                                   
00000134  MAC                                    
00000136  MACS                                   
00000138  OP2                                    
0000013a  RESLO                                  
0000013c  RESHI                                  
0000013e  SUMEXT                                 
00000140  ADC12MEM0                              
00000142  ADC12MEM1                              
00000144  ADC12MEM2                              
00000146  ADC12MEM3                              
00000148  ADC12MEM4                              
0000014a  ADC12MEM5                              
0000014c  ADC12MEM6                              
0000014e  ADC12MEM7                              
00000150  ADC12MEM8                              
00000152  ADC12MEM9                              
00000154  ADC12MEM10                             
00000156  ADC12MEM11                             
00000158  ADC12MEM12                             
0000015a  ADC12MEM13                             
0000015c  ADC12MEM14                             
0000015e  ADC12MEM15                             
00000160  TACTL                                  
00000162  TACCTL0                                
00000164  TACCTL1                                
00000166  TACCTL2                                
00000170  TAR                                    
00000172  TACCR0                                 
00000174  TACCR1                                 
00000176  TACCR2                                 
00000180  TBCTL                                  
00000182  TBCCTL0                                
00000184  TBCCTL1                                
00000186  TBCCTL2                                
00000188  TBCCTL3                                
0000018a  TBCCTL4                                
0000018c  TBCCTL5                                
0000018e  TBCCTL6                                
00000190  TBR                                    
00000192  TBCCR0                                 
00000194  TBCCR1                                 
00000196  TBCCR2                                 
00000198  TBCCR3                                 
0000019a  TBCCR4                                 
0000019c  TBCCR5                                 
0000019e  TBCCR6                                 
000001a0  ADC12CTL0                              
000001a2  ADC12CTL1                              
000001a4  ADC12IFG                               
000001a6  ADC12IE                                
000001a8  ADC12IV                                
000001c0  DAC12_0CTL                             
000001c2  DAC12_1CTL                             
000001c8  DAC12_0DAT                             
000001ca  DAC12_1DAT                             
000001d0  DMA0CTL                                
000001d2  DMA0SA                                 
000001d2  DMA0SAL                                
000001d6  DMA0DA                                 
000001d6  DMA0DAL                                
000001da  DMA0SZ                                 
000001dc  DMA1CTL                                
000001de  DMA1SA                                 
000001de  DMA1SAL                                
000001e2  DMA1DA                                 
000001e2  DMA1DAL                                
000001e6  DMA1SZ                                 
000001e8  DMA2CTL                                
000001ea  DMA2SA                                 
000001ea  DMA2SAL                                
000001ee  DMA2DA                                 
000001ee  DMA2DAL                                
000001f2  DMA2SZ                                 
00001100  currentLevel                           
0000110a  difficulty                             
00001110  ADCXval                                
00001114  ADCYval                                
00001118  Xper                                   
0000111c  Yper                                   
00001120  difficultyTimer                        
00001124  creditNum                              
000030b0  _stack                                 
00003100  __STACK_END                            
00003100  __TI_frcdivd                           
00003578  main                                   
000038c8  sendData                               
00003ba2  __TI_frcmpyd                           
00003e28  __mspabi_mpyd                          
00004096  level4                                 
000042d4  __mspabi_divd                          
0000450c  level2                                 
00004742  level6                                 
00004978  level3                                 
00004b16  level5                                 
00004cb0  level1                                 
00004e46  __mspabi_fltlid                        
00004ef2  __mspabi_cvtdf                         
00004f7e  mainMenu                               
00005002  __TI_decompress_lzss                   
0000507e  __mspabi_srll_15                       
00005084  __mspabi_srll_14                       
0000508a  __mspabi_srll_13                       
00005090  __mspabi_srll_12                       
00005096  __mspabi_srll_11                       
0000509c  __mspabi_srll_10                       
000050a2  __mspabi_srll_9                        
000050a8  __mspabi_srll_8                        
000050ae  __mspabi_srll_7                        
000050b4  __mspabi_srll_6                        
000050ba  __mspabi_srll_5                        
000050c0  __mspabi_srll_4                        
000050c6  __mspabi_srll_3                        
000050cc  __mspabi_srll_2                        
000050d2  __mspabi_srll_1                        
000050da  __TI_auto_init_nobinit_nopinit_hold_wdt
00005132  __mspabi_srli                          
00005140  __mspabi_srli_15                       
00005144  __mspabi_srli_14                       
00005148  __mspabi_srli_13                       
0000514c  __mspabi_srli_12                       
00005150  __mspabi_srli_11                       
00005154  __mspabi_srli_10                       
00005158  __mspabi_srli_9                        
0000515c  __mspabi_srli_8                        
00005160  __mspabi_srli_7                        
00005164  __mspabi_srli_6                        
00005168  __mspabi_srli_5                        
0000516c  __mspabi_srli_4                        
00005170  __mspabi_srli_3                        
00005174  __mspabi_srli_2                        
00005178  __mspabi_srli_1                        
0000517e  __mspabi_cmpf                          
000051c8  UART_getline                           
00005208  ADC_setup                              
00005246  __mspabi_sral_15                       
0000524a  __mspabi_sral_14                       
0000524e  __mspabi_sral_13                       
00005252  __mspabi_sral_12                       
00005256  __mspabi_sral_11                       
0000525a  __mspabi_sral_10                       
0000525e  __mspabi_sral_9                        
00005262  __mspabi_sral_8                        
00005266  __mspabi_sral_7                        
0000526a  __mspabi_sral_6                        
0000526e  __mspabi_sral_5                        
00005272  __mspabi_sral_4                        
00005276  __mspabi_sral_3                        
0000527a  __mspabi_sral_2                        
0000527e  __mspabi_sral_1                        
00005284  __mspabi_slll_15                       
00005288  __mspabi_slll_14                       
0000528c  __mspabi_slll_13                       
00005290  __mspabi_slll_12                       
00005294  __mspabi_slll_11                       
00005298  __mspabi_slll_10                       
0000529c  __mspabi_slll_9                        
000052a0  __mspabi_slll_8                        
000052a4  __mspabi_slll_7                        
000052a8  __mspabi_slll_6                        
000052ac  __mspabi_slll_5                        
000052b0  __mspabi_slll_4                        
000052b4  __mspabi_slll_3                        
000052b8  __mspabi_slll_2                        
000052bc  __mspabi_slll_1                        
000052c2  __mspabi_mpyl_hw                       
000052f0  __mspabi_srai                          
000052fc  __mspabi_srai_15                       
000052fe  __mspabi_srai_14                       
00005300  __mspabi_srai_13                       
00005302  __mspabi_srai_12                       
00005304  __mspabi_srai_11                       
00005306  __mspabi_srai_10                       
00005308  __mspabi_srai_9                        
0000530a  __mspabi_srai_8                        
0000530c  __mspabi_srai_7                        
0000530e  __mspabi_srai_6                        
00005310  __mspabi_srai_5                        
00005312  __mspabi_srai_4                        
00005314  __mspabi_srai_3                        
00005316  __mspabi_srai_2                        
00005318  __mspabi_srai_1                        
0000531c  __mspabi_slli                          
00005328  __mspabi_slli_15                       
0000532a  __mspabi_slli_14                       
0000532c  __mspabi_slli_13                       
0000532e  __mspabi_slli_12                       
00005330  __mspabi_slli_11                       
00005332  __mspabi_slli_10                       
00005334  __mspabi_slli_9                        
00005336  __mspabi_slli_8                        
00005338  __mspabi_slli_7                        
0000533a  __mspabi_slli_6                        
0000533c  __mspabi_slli_5                        
0000533e  __mspabi_slli_4                        
00005340  __mspabi_slli_3                        
00005342  __mspabi_slli_2                        
00005344  __mspabi_slli_1                        
00005348  UART_initialize                        
0000536c  UART_sendString                        
00005390  SPI_setup                              
000053b0  timerA_isr                             
000053d0  ADC12ISR                               
000053ec  _c_int00_noargs                        
00005408  strcmp                                 
00005420  SPISetState                            
00005436  TimerA_setup                           
0000544a  __TI_zero_init_nomemset                
0000545e  __mspabi_mpyi_hw                       
00005472  __TI_decompress_none                   
00005484  memcpy                                 
00005496  __mspabi_func_epilog_7                 
00005498  __mspabi_func_epilog_6                 
0000549a  __mspabi_func_epilog_5                 
0000549c  __mspabi_func_epilog_4                 
0000549e  __mspabi_func_epilog_3                 
000054a0  __mspabi_func_epilog_2                 
000054a2  __mspabi_func_epilog_1                 
000054a6  strlen                                 
000054b4  UART_getCharacter                      
000054c0  UART_sendCharacter                     
000054cc  C$$EXIT                                
000054cc  abort                                  
000054d2  _system_pre_init                       
000054d6  _system_post_cinit                     
00005aea  __TI_ISR_TRAP                          
00005af8  __TI_Handler_Table_Base                
00005afe  __TI_Handler_Table_Limit               
00005b02  __TI_CINIT_Base                        
00005b0a  __TI_CINIT_Limit                       
0000ffdc  __TI_int14                             
0000ffde  __TI_int15                             
0000ffe0  __TI_int16                             
0000ffe2  __TI_int17                             
0000ffe4  __TI_int18                             
0000ffe6  __TI_int19                             
0000ffe8  __TI_int20                             
0000ffea  __TI_int21                             
0000ffec  __TI_int22                             
0000ffee  __TI_int23                             
0000fff0  __TI_int24                             
0000fff2  __TI_int25                             
0000fff4  __TI_int26                             
0000fff6  __TI_int27                             
0000fff8  __TI_int28                             
0000fffa  __TI_int29                             
0000fffc  __TI_int30                             
0000fffe  _reset_vector                          
ffffffff  __TI_pprof_out_hndl                    
ffffffff  __TI_prof_data_size                    
ffffffff  __TI_prof_data_start                   
ffffffff  __c_args__                             

[425 symbols]
