<?xml version="1.0" encoding="ISO-8859-1" ?>
<link_info>
   <banner>MSP430 Linker PC v18.1.2.LTS</banner>
   <copyright>Copyright (c) 2003-2017 Texas Instruments Incorporated</copyright>
   <link_time>0x5ddc3cff</link_time>
   <link_errors>0x0</link_errors>
   <output_file>FinalProject.out</output_file>
   <entry_point>
      <name>_c_int00_noargs</name>
      <address>0x53ec</address>
   </entry_point>
   <input_file_list>
      <input_file id="fl-2">
         <path>.\</path>
         <kind>object</kind>
         <file>main.obj</file>
         <name>main.obj</name>
      </input_file>
      <input_file id="fl-7">
         <kind>object</kind>
         <file>&lt;internal&gt;</file>
         <name>&lt;internal&gt;</name>
      </input_file>
      <input_file id="fl-1d">
         <path>C:\ti\ccsv8\tools\compiler\ti-cgt-msp430_18.1.2.LTS\lib\</path>
         <kind>archive</kind>
         <file>rts430_eabi.lib</file>
         <name>epilog.asm.obj</name>
      </input_file>
      <input_file id="fl-1e">
         <path>C:\ti\ccsv8\tools\compiler\ti-cgt-msp430_18.1.2.LTS\lib\</path>
         <kind>archive</kind>
         <file>rts430_eabi.lib</file>
         <name>fs_cmp.asm.obj</name>
      </input_file>
      <input_file id="fl-1f">
         <path>C:\ti\ccsv8\tools\compiler\ti-cgt-msp430_18.1.2.LTS\lib\</path>
         <kind>archive</kind>
         <file>rts430_eabi.lib</file>
         <name>int14.asm.obj</name>
      </input_file>
      <input_file id="fl-20">
         <path>C:\ti\ccsv8\tools\compiler\ti-cgt-msp430_18.1.2.LTS\lib\</path>
         <kind>archive</kind>
         <file>rts430_eabi.lib</file>
         <name>int15.asm.obj</name>
      </input_file>
      <input_file id="fl-21">
         <path>C:\ti\ccsv8\tools\compiler\ti-cgt-msp430_18.1.2.LTS\lib\</path>
         <kind>archive</kind>
         <file>rts430_eabi.lib</file>
         <name>int16.asm.obj</name>
      </input_file>
      <input_file id="fl-22">
         <path>C:\ti\ccsv8\tools\compiler\ti-cgt-msp430_18.1.2.LTS\lib\</path>
         <kind>archive</kind>
         <file>rts430_eabi.lib</file>
         <name>int17.asm.obj</name>
      </input_file>
      <input_file id="fl-23">
         <path>C:\ti\ccsv8\tools\compiler\ti-cgt-msp430_18.1.2.LTS\lib\</path>
         <kind>archive</kind>
         <file>rts430_eabi.lib</file>
         <name>int18.asm.obj</name>
      </input_file>
      <input_file id="fl-24">
         <path>C:\ti\ccsv8\tools\compiler\ti-cgt-msp430_18.1.2.LTS\lib\</path>
         <kind>archive</kind>
         <file>rts430_eabi.lib</file>
         <name>int19.asm.obj</name>
      </input_file>
      <input_file id="fl-25">
         <path>C:\ti\ccsv8\tools\compiler\ti-cgt-msp430_18.1.2.LTS\lib\</path>
         <kind>archive</kind>
         <file>rts430_eabi.lib</file>
         <name>int20.asm.obj</name>
      </input_file>
      <input_file id="fl-26">
         <path>C:\ti\ccsv8\tools\compiler\ti-cgt-msp430_18.1.2.LTS\lib\</path>
         <kind>archive</kind>
         <file>rts430_eabi.lib</file>
         <name>int21.asm.obj</name>
      </input_file>
      <input_file id="fl-27">
         <path>C:\ti\ccsv8\tools\compiler\ti-cgt-msp430_18.1.2.LTS\lib\</path>
         <kind>archive</kind>
         <file>rts430_eabi.lib</file>
         <name>int24.asm.obj</name>
      </input_file>
      <input_file id="fl-28">
         <path>C:\ti\ccsv8\tools\compiler\ti-cgt-msp430_18.1.2.LTS\lib\</path>
         <kind>archive</kind>
         <file>rts430_eabi.lib</file>
         <name>int25.asm.obj</name>
      </input_file>
      <input_file id="fl-29">
         <path>C:\ti\ccsv8\tools\compiler\ti-cgt-msp430_18.1.2.LTS\lib\</path>
         <kind>archive</kind>
         <file>rts430_eabi.lib</file>
         <name>int26.asm.obj</name>
      </input_file>
      <input_file id="fl-2a">
         <path>C:\ti\ccsv8\tools\compiler\ti-cgt-msp430_18.1.2.LTS\lib\</path>
         <kind>archive</kind>
         <file>rts430_eabi.lib</file>
         <name>int27.asm.obj</name>
      </input_file>
      <input_file id="fl-2b">
         <path>C:\ti\ccsv8\tools\compiler\ti-cgt-msp430_18.1.2.LTS\lib\</path>
         <kind>archive</kind>
         <file>rts430_eabi.lib</file>
         <name>int28.asm.obj</name>
      </input_file>
      <input_file id="fl-2c">
         <path>C:\ti\ccsv8\tools\compiler\ti-cgt-msp430_18.1.2.LTS\lib\</path>
         <kind>archive</kind>
         <file>rts430_eabi.lib</file>
         <name>int29.asm.obj</name>
      </input_file>
      <input_file id="fl-2d">
         <path>C:\ti\ccsv8\tools\compiler\ti-cgt-msp430_18.1.2.LTS\lib\</path>
         <kind>archive</kind>
         <file>rts430_eabi.lib</file>
         <name>int30.asm.obj</name>
      </input_file>
      <input_file id="fl-2e">
         <path>C:\ti\ccsv8\tools\compiler\ti-cgt-msp430_18.1.2.LTS\lib\</path>
         <kind>archive</kind>
         <file>rts430_eabi.lib</file>
         <name>isr_trap.asm.obj</name>
      </input_file>
      <input_file id="fl-2f">
         <path>C:\ti\ccsv8\tools\compiler\ti-cgt-msp430_18.1.2.LTS\lib\</path>
         <kind>archive</kind>
         <file>rts430_eabi.lib</file>
         <name>mult16_hw.asm.obj</name>
      </input_file>
      <input_file id="fl-30">
         <path>C:\ti\ccsv8\tools\compiler\ti-cgt-msp430_18.1.2.LTS\lib\</path>
         <kind>archive</kind>
         <file>rts430_eabi.lib</file>
         <name>mult1632_hw.asm.obj</name>
      </input_file>
      <input_file id="fl-31">
         <path>C:\ti\ccsv8\tools\compiler\ti-cgt-msp430_18.1.2.LTS\lib\</path>
         <kind>archive</kind>
         <file>rts430_eabi.lib</file>
         <name>mult32_hw.asm.obj</name>
      </input_file>
      <input_file id="fl-32">
         <path>C:\ti\ccsv8\tools\compiler\ti-cgt-msp430_18.1.2.LTS\lib\</path>
         <kind>archive</kind>
         <file>rts430_eabi.lib</file>
         <name>mult3264_hw.asm.obj</name>
      </input_file>
      <input_file id="fl-33">
         <path>C:\ti\ccsv8\tools\compiler\ti-cgt-msp430_18.1.2.LTS\lib\</path>
         <kind>archive</kind>
         <file>rts430_eabi.lib</file>
         <name>mult64_hw.asm.obj</name>
      </input_file>
      <input_file id="fl-34">
         <path>C:\ti\ccsv8\tools\compiler\ti-cgt-msp430_18.1.2.LTS\lib\</path>
         <kind>archive</kind>
         <file>rts430_eabi.lib</file>
         <name>boot.c.obj</name>
      </input_file>
      <input_file id="fl-35">
         <path>C:\ti\ccsv8\tools\compiler\ti-cgt-msp430_18.1.2.LTS\lib\</path>
         <kind>archive</kind>
         <file>rts430_eabi.lib</file>
         <name>autoinit.c.obj</name>
      </input_file>
      <input_file id="fl-36">
         <path>C:\ti\ccsv8\tools\compiler\ti-cgt-msp430_18.1.2.LTS\lib\</path>
         <kind>archive</kind>
         <file>rts430_eabi.lib</file>
         <name>copy_zero_init.c.obj</name>
      </input_file>
      <input_file id="fl-37">
         <path>C:\ti\ccsv8\tools\compiler\ti-cgt-msp430_18.1.2.LTS\lib\</path>
         <kind>archive</kind>
         <file>rts430_eabi.lib</file>
         <name>cpy_tbl.c.obj</name>
      </input_file>
      <input_file id="fl-38">
         <path>C:\ti\ccsv8\tools\compiler\ti-cgt-msp430_18.1.2.LTS\lib\</path>
         <kind>archive</kind>
         <file>rts430_eabi.lib</file>
         <name>mpu_init.c.obj</name>
      </input_file>
      <input_file id="fl-39">
         <path>C:\ti\ccsv8\tools\compiler\ti-cgt-msp430_18.1.2.LTS\lib\</path>
         <kind>archive</kind>
         <file>rts430_eabi.lib</file>
         <name>pre_init.c.obj</name>
      </input_file>
      <input_file id="fl-3a">
         <path>C:\ti\ccsv8\tools\compiler\ti-cgt-msp430_18.1.2.LTS\lib\</path>
         <kind>archive</kind>
         <file>rts430_eabi.lib</file>
         <name>startup.c.obj</name>
      </input_file>
      <input_file id="fl-3b">
         <path>C:\ti\ccsv8\tools\compiler\ti-cgt-msp430_18.1.2.LTS\lib\</path>
         <kind>archive</kind>
         <file>rts430_eabi.lib</file>
         <name>copy_decompress_none.c.obj</name>
      </input_file>
      <input_file id="fl-3c">
         <path>C:\ti\ccsv8\tools\compiler\ti-cgt-msp430_18.1.2.LTS\lib\</path>
         <kind>archive</kind>
         <file>rts430_eabi.lib</file>
         <name>copy_decompress_lzss.c.obj</name>
      </input_file>
      <input_file id="fl-3d">
         <path>C:\ti\ccsv8\tools\compiler\ti-cgt-msp430_18.1.2.LTS\lib\</path>
         <kind>archive</kind>
         <file>rts430_eabi.lib</file>
         <name>divd.c.obj</name>
      </input_file>
      <input_file id="fl-3e">
         <path>C:\ti\ccsv8\tools\compiler\ti-cgt-msp430_18.1.2.LTS\lib\</path>
         <kind>archive</kind>
         <file>rts430_eabi.lib</file>
         <name>fltlid.c.obj</name>
      </input_file>
      <input_file id="fl-3f">
         <path>C:\ti\ccsv8\tools\compiler\ti-cgt-msp430_18.1.2.LTS\lib\</path>
         <kind>archive</kind>
         <file>rts430_eabi.lib</file>
         <name>frcdivd.c.obj</name>
      </input_file>
      <input_file id="fl-40">
         <path>C:\ti\ccsv8\tools\compiler\ti-cgt-msp430_18.1.2.LTS\lib\</path>
         <kind>archive</kind>
         <file>rts430_eabi.lib</file>
         <name>mpyd.c.obj</name>
      </input_file>
      <input_file id="fl-41">
         <path>C:\ti\ccsv8\tools\compiler\ti-cgt-msp430_18.1.2.LTS\lib\</path>
         <kind>archive</kind>
         <file>rts430_eabi.lib</file>
         <name>cvtdf.c.obj</name>
      </input_file>
      <input_file id="fl-42">
         <path>C:\ti\ccsv8\tools\compiler\ti-cgt-msp430_18.1.2.LTS\lib\</path>
         <kind>archive</kind>
         <file>rts430_eabi.lib</file>
         <name>exit.c.obj</name>
      </input_file>
      <input_file id="fl-43">
         <path>C:\ti\ccsv8\tools\compiler\ti-cgt-msp430_18.1.2.LTS\lib\</path>
         <kind>archive</kind>
         <file>rts430_eabi.lib</file>
         <name>_lock.c.obj</name>
      </input_file>
      <input_file id="fl-44">
         <path>C:\ti\ccsv8\tools\compiler\ti-cgt-msp430_18.1.2.LTS\lib\</path>
         <kind>archive</kind>
         <file>rts430_eabi.lib</file>
         <name>args_main.c.obj</name>
      </input_file>
      <input_file id="fl-45">
         <path>C:\ti\ccsv8\tools\compiler\ti-cgt-msp430_18.1.2.LTS\lib\</path>
         <kind>archive</kind>
         <file>rts430_eabi.lib</file>
         <name>memcpy.c.obj</name>
      </input_file>
      <input_file id="fl-46">
         <path>C:\ti\ccsv8\tools\compiler\ti-cgt-msp430_18.1.2.LTS\lib\</path>
         <kind>archive</kind>
         <file>rts430_eabi.lib</file>
         <name>strcmp.c.obj</name>
      </input_file>
      <input_file id="fl-47">
         <path>C:\ti\ccsv8\tools\compiler\ti-cgt-msp430_18.1.2.LTS\lib\</path>
         <kind>archive</kind>
         <file>rts430_eabi.lib</file>
         <name>strlen.c.obj</name>
      </input_file>
      <input_file id="fl-48">
         <path>C:\ti\ccsv8\tools\compiler\ti-cgt-msp430_18.1.2.LTS\lib\</path>
         <kind>archive</kind>
         <file>rts430_eabi.lib</file>
         <name>asr16.asm.obj</name>
      </input_file>
      <input_file id="fl-49">
         <path>C:\ti\ccsv8\tools\compiler\ti-cgt-msp430_18.1.2.LTS\lib\</path>
         <kind>archive</kind>
         <file>rts430_eabi.lib</file>
         <name>asr32.asm.obj</name>
      </input_file>
      <input_file id="fl-4a">
         <path>C:\ti\ccsv8\tools\compiler\ti-cgt-msp430_18.1.2.LTS\lib\</path>
         <kind>archive</kind>
         <file>rts430_eabi.lib</file>
         <name>lsl16.asm.obj</name>
      </input_file>
      <input_file id="fl-4b">
         <path>C:\ti\ccsv8\tools\compiler\ti-cgt-msp430_18.1.2.LTS\lib\</path>
         <kind>archive</kind>
         <file>rts430_eabi.lib</file>
         <name>lsl32.asm.obj</name>
      </input_file>
      <input_file id="fl-4c">
         <path>C:\ti\ccsv8\tools\compiler\ti-cgt-msp430_18.1.2.LTS\lib\</path>
         <kind>archive</kind>
         <file>rts430_eabi.lib</file>
         <name>lsr16.asm.obj</name>
      </input_file>
      <input_file id="fl-4d">
         <path>C:\ti\ccsv8\tools\compiler\ti-cgt-msp430_18.1.2.LTS\lib\</path>
         <kind>archive</kind>
         <file>rts430_eabi.lib</file>
         <name>lsr32.asm.obj</name>
      </input_file>
      <input_file id="fl-4e">
         <path>C:\ti\ccsv8\tools\compiler\ti-cgt-msp430_18.1.2.LTS\lib\</path>
         <kind>archive</kind>
         <file>rts430_eabi.lib</file>
         <name>mult16.asm.obj</name>
      </input_file>
      <input_file id="fl-4f">
         <path>C:\ti\ccsv8\tools\compiler\ti-cgt-msp430_18.1.2.LTS\lib\</path>
         <kind>archive</kind>
         <file>rts430_eabi.lib</file>
         <name>mult32.asm.obj</name>
      </input_file>
      <input_file id="fl-50">
         <path>C:\ti\ccsv8\tools\compiler\ti-cgt-msp430_18.1.2.LTS\lib\</path>
         <kind>archive</kind>
         <file>rts430_eabi.lib</file>
         <name>exit_gvars.c.obj</name>
      </input_file>
      <input_file id="fl-51">
         <path>C:\ti\ccsv8\tools\compiler\ti-cgt-msp430_18.1.2.LTS\lib\</path>
         <kind>archive</kind>
         <file>rts430_eabi.lib</file>
         <name>lsr64.c.obj</name>
      </input_file>
      <input_file id="fl-52">
         <path>C:\ti\ccsv8\tools\compiler\ti-cgt-msp430_18.1.2.LTS\lib\</path>
         <kind>archive</kind>
         <file>rts430_eabi.lib</file>
         <name>frcmpyd.c.obj</name>
      </input_file>
   </input_file_list>
   <object_component_list>
      <object_component id="oc-27e">
         <name>.common:currentLevel</name>
         <uninitialized>true</uninitialized>
         <run_address>0x1100</run_address>
         <size>0xa</size>
      </object_component>
      <object_component id="oc-33c">
         <name>.common:difficulty</name>
         <uninitialized>true</uninitialized>
         <run_address>0x110a</run_address>
         <size>0x6</size>
      </object_component>
      <object_component id="oc-2af">
         <name>.common:difficultyTimer</name>
         <uninitialized>true</uninitialized>
         <run_address>0x1120</run_address>
         <size>0x4</size>
      </object_component>
      <object_component id="oc-1f5">
         <name>.common:ADCXval</name>
         <uninitialized>true</uninitialized>
         <run_address>0x1110</run_address>
         <size>0x4</size>
      </object_component>
      <object_component id="oc-1f8">
         <name>.common:ADCYval</name>
         <uninitialized>true</uninitialized>
         <run_address>0x1114</run_address>
         <size>0x4</size>
      </object_component>
      <object_component id="oc-245">
         <name>.common:Xper</name>
         <uninitialized>true</uninitialized>
         <run_address>0x1118</run_address>
         <size>0x4</size>
      </object_component>
      <object_component id="oc-246">
         <name>.common:Yper</name>
         <uninitialized>true</uninitialized>
         <run_address>0x111c</run_address>
         <size>0x4</size>
      </object_component>
      <object_component id="oc-24c">
         <name>.data</name>
         <load_address>0x1124</load_address>
         <run_address>0x1124</run_address>
         <size>0x2</size>
         <input_file_ref idref="fl-2"/>
      </object_component>
      <object_component id="oc-15c">
         <name>.stack</name>
         <uninitialized>true</uninitialized>
         <run_address>0x30b0</run_address>
         <size>0x2</size>
         <input_file_ref idref="fl-34"/>
      </object_component>
      <object_component id="oc-435">
         <name>.stack</name>
         <uninitialized>true</uninitialized>
         <run_address>0x30b0</run_address>
         <size>0x0</size>
      </object_component>
      <object_component id="oc-31a">
         <name>.text:__TI_frcdivd</name>
         <load_address>0x3100</load_address>
         <run_address>0x3100</run_address>
         <size>0x478</size>
         <input_file_ref idref="fl-3f"/>
      </object_component>
      <object_component id="oc-208">
         <name>.text:main</name>
         <load_address>0x3578</load_address>
         <run_address>0x3578</run_address>
         <size>0x350</size>
         <input_file_ref idref="fl-2"/>
      </object_component>
      <object_component id="oc-1ee">
         <name>.text:sendData</name>
         <load_address>0x38c8</load_address>
         <run_address>0x38c8</run_address>
         <size>0x2da</size>
         <input_file_ref idref="fl-2"/>
      </object_component>
      <object_component id="oc-312">
         <name>.text:__TI_frcmpyd</name>
         <load_address>0x3ba2</load_address>
         <run_address>0x3ba2</run_address>
         <size>0x286</size>
         <input_file_ref idref="fl-52"/>
      </object_component>
      <object_component id="oc-233">
         <name>.text:__mspabi_mpyd</name>
         <load_address>0x3e28</load_address>
         <run_address>0x3e28</run_address>
         <size>0x26e</size>
         <input_file_ref idref="fl-40"/>
      </object_component>
      <object_component id="oc-297">
         <name>.text:level4</name>
         <load_address>0x4096</load_address>
         <run_address>0x4096</run_address>
         <size>0x23e</size>
         <input_file_ref idref="fl-2"/>
      </object_component>
      <object_component id="oc-239">
         <name>.text:__mspabi_divd</name>
         <load_address>0x42d4</load_address>
         <run_address>0x42d4</run_address>
         <size>0x238</size>
         <input_file_ref idref="fl-3d"/>
      </object_component>
      <object_component id="oc-28b">
         <name>.text:level2</name>
         <load_address>0x450c</load_address>
         <run_address>0x450c</run_address>
         <size>0x236</size>
         <input_file_ref idref="fl-2"/>
      </object_component>
      <object_component id="oc-2a3">
         <name>.text:level6</name>
         <load_address>0x4742</load_address>
         <run_address>0x4742</run_address>
         <size>0x236</size>
         <input_file_ref idref="fl-2"/>
      </object_component>
      <object_component id="oc-291">
         <name>.text:level3</name>
         <load_address>0x4978</load_address>
         <run_address>0x4978</run_address>
         <size>0x19e</size>
         <input_file_ref idref="fl-2"/>
      </object_component>
      <object_component id="oc-29d">
         <name>.text:level5</name>
         <load_address>0x4b16</load_address>
         <run_address>0x4b16</run_address>
         <size>0x19a</size>
         <input_file_ref idref="fl-2"/>
      </object_component>
      <object_component id="oc-285">
         <name>.text:level1</name>
         <load_address>0x4cb0</load_address>
         <run_address>0x4cb0</run_address>
         <size>0x196</size>
         <input_file_ref idref="fl-2"/>
      </object_component>
      <object_component id="oc-22d">
         <name>.text:__mspabi_fltlid</name>
         <load_address>0x4e46</load_address>
         <run_address>0x4e46</run_address>
         <size>0xac</size>
         <input_file_ref idref="fl-3e"/>
      </object_component>
      <object_component id="oc-23f">
         <name>.text:__mspabi_cvtdf</name>
         <load_address>0x4ef2</load_address>
         <run_address>0x4ef2</run_address>
         <size>0x8c</size>
         <input_file_ref idref="fl-41"/>
      </object_component>
      <object_component id="oc-278">
         <name>.text:mainMenu</name>
         <load_address>0x4f7e</load_address>
         <run_address>0x4f7e</run_address>
         <size>0x84</size>
         <input_file_ref idref="fl-2"/>
      </object_component>
      <object_component id="oc-47">
         <name>.text:decompress:lzss:__TI_decompress_lzss</name>
         <load_address>0x5002</load_address>
         <run_address>0x5002</run_address>
         <size>0x7c</size>
         <input_file_ref idref="fl-3c"/>
      </object_component>
      <object_component id="oc-301">
         <name>.text:l_lsr_const</name>
         <load_address>0x507e</load_address>
         <run_address>0x507e</run_address>
         <size>0x5c</size>
         <input_file_ref idref="fl-4d"/>
      </object_component>
      <object_component id="oc-2e1">
         <name>.text:__TI_auto_init_nobinit_nopinit_hold_wdt:__TI_auto_init_nobinit_nopinit_hold_wdt</name>
         <load_address>0x50da</load_address>
         <run_address>0x50da</run_address>
         <size>0x58</size>
         <input_file_ref idref="fl-35"/>
      </object_component>
      <object_component id="oc-165">
         <name>.text</name>
         <load_address>0x5132</load_address>
         <run_address>0x5132</run_address>
         <size>0x4c</size>
         <input_file_ref idref="fl-4c"/>
      </object_component>
      <object_component id="oc-247">
         <name>.text</name>
         <load_address>0x517e</load_address>
         <run_address>0x517e</run_address>
         <size>0x4a</size>
         <input_file_ref idref="fl-1e"/>
      </object_component>
      <object_component id="oc-2a9">
         <name>.text:UART_getline</name>
         <load_address>0x51c8</load_address>
         <run_address>0x51c8</run_address>
         <size>0x40</size>
         <input_file_ref idref="fl-2"/>
      </object_component>
      <object_component id="oc-2b6">
         <name>.text:ADC_setup</name>
         <load_address>0x5208</load_address>
         <run_address>0x5208</run_address>
         <size>0x3e</size>
         <input_file_ref idref="fl-2"/>
      </object_component>
      <object_component id="oc-387">
         <name>.text:l_asr_const</name>
         <load_address>0x5246</load_address>
         <run_address>0x5246</run_address>
         <size>0x3e</size>
         <input_file_ref idref="fl-49"/>
      </object_component>
      <object_component id="oc-2fc">
         <name>.text:l_lsl_const</name>
         <load_address>0x5284</load_address>
         <run_address>0x5284</run_address>
         <size>0x3e</size>
         <input_file_ref idref="fl-4b"/>
      </object_component>
      <object_component id="oc-38c">
         <name>.text</name>
         <load_address>0x52c2</load_address>
         <run_address>0x52c2</run_address>
         <size>0x2e</size>
         <input_file_ref idref="fl-31"/>
      </object_component>
      <object_component id="oc-30d">
         <name>.text</name>
         <load_address>0x52f0</load_address>
         <run_address>0x52f0</run_address>
         <size>0x2c</size>
         <input_file_ref idref="fl-48"/>
      </object_component>
      <object_component id="oc-160">
         <name>.text</name>
         <load_address>0x531c</load_address>
         <run_address>0x531c</run_address>
         <size>0x2c</size>
         <input_file_ref idref="fl-4a"/>
      </object_component>
      <object_component id="oc-266">
         <name>.text:UART_initialize</name>
         <load_address>0x5348</load_address>
         <run_address>0x5348</run_address>
         <size>0x24</size>
         <input_file_ref idref="fl-2"/>
      </object_component>
      <object_component id="oc-250">
         <name>.text:UART_sendString</name>
         <load_address>0x536c</load_address>
         <run_address>0x536c</run_address>
         <size>0x24</size>
         <input_file_ref idref="fl-2"/>
      </object_component>
      <object_component id="oc-26c">
         <name>.text:SPI_setup</name>
         <load_address>0x5390</load_address>
         <run_address>0x5390</run_address>
         <size>0x20</size>
         <input_file_ref idref="fl-2"/>
      </object_component>
      <object_component id="oc-18c">
         <name>.text:timerA_isr</name>
         <load_address>0x53b0</load_address>
         <run_address>0x53b0</run_address>
         <size>0x20</size>
         <input_file_ref idref="fl-2"/>
      </object_component>
      <object_component id="oc-192">
         <name>.text:ADC12ISR</name>
         <load_address>0x53d0</load_address>
         <run_address>0x53d0</run_address>
         <size>0x1c</size>
         <input_file_ref idref="fl-2"/>
      </object_component>
      <object_component id="oc-1aa">
         <name>.text:_c_int00_noargs</name>
         <load_address>0x53ec</load_address>
         <run_address>0x53ec</run_address>
         <size>0x1c</size>
         <input_file_ref idref="fl-34"/>
      </object_component>
      <object_component id="oc-27f">
         <name>.text:strcmp</name>
         <load_address>0x5408</load_address>
         <run_address>0x5408</run_address>
         <size>0x18</size>
         <input_file_ref idref="fl-46"/>
      </object_component>
      <object_component id="oc-272">
         <name>.text:SPISetState</name>
         <load_address>0x5420</load_address>
         <run_address>0x5420</run_address>
         <size>0x16</size>
         <input_file_ref idref="fl-2"/>
      </object_component>
      <object_component id="oc-2b0">
         <name>.text:TimerA_setup</name>
         <load_address>0x5436</load_address>
         <run_address>0x5436</run_address>
         <size>0x14</size>
         <input_file_ref idref="fl-2"/>
      </object_component>
      <object_component id="oc-198">
         <name>.text:decompress:ZI:__TI_zero_init_nomemset:__TI_zero_init_nomemset</name>
         <load_address>0x544a</load_address>
         <run_address>0x544a</run_address>
         <size>0x14</size>
         <input_file_ref idref="fl-36"/>
      </object_component>
      <object_component id="oc-395">
         <name>.text</name>
         <load_address>0x545e</load_address>
         <run_address>0x545e</run_address>
         <size>0x14</size>
         <input_file_ref idref="fl-2f"/>
      </object_component>
      <object_component id="oc-4d">
         <name>.text:decompress:none:__TI_decompress_none</name>
         <load_address>0x5472</load_address>
         <run_address>0x5472</run_address>
         <size>0x12</size>
         <input_file_ref idref="fl-3b"/>
      </object_component>
      <object_component id="oc-17a">
         <name>.text:memcpy</name>
         <load_address>0x5484</load_address>
         <run_address>0x5484</run_address>
         <size>0x12</size>
         <input_file_ref idref="fl-45"/>
      </object_component>
      <object_component id="oc-16a">
         <name>.text</name>
         <load_address>0x5496</load_address>
         <run_address>0x5496</run_address>
         <size>0x10</size>
         <input_file_ref idref="fl-1d"/>
      </object_component>
      <object_component id="oc-32d">
         <name>.text:strlen</name>
         <load_address>0x54a6</load_address>
         <run_address>0x54a6</run_address>
         <size>0xe</size>
         <input_file_ref idref="fl-47"/>
      </object_component>
      <object_component id="oc-346">
         <name>.text:UART_getCharacter</name>
         <load_address>0x54b4</load_address>
         <run_address>0x54b4</run_address>
         <size>0xc</size>
         <input_file_ref idref="fl-2"/>
      </object_component>
      <object_component id="oc-327">
         <name>.text:UART_sendCharacter</name>
         <load_address>0x54c0</load_address>
         <run_address>0x54c0</run_address>
         <size>0xc</size>
         <input_file_ref idref="fl-2"/>
      </object_component>
      <object_component id="oc-2bd">
         <name>.text:abort</name>
         <load_address>0x54cc</load_address>
         <run_address>0x54cc</run_address>
         <size>0x6</size>
         <input_file_ref idref="fl-42"/>
      </object_component>
      <object_component id="oc-202">
         <name>.text:_system_pre_init</name>
         <load_address>0x54d2</load_address>
         <run_address>0x54d2</run_address>
         <size>0x4</size>
         <input_file_ref idref="fl-39"/>
      </object_component>
      <object_component id="oc-361">
         <name>.text:_system_post_cinit</name>
         <load_address>0x54d6</load_address>
         <run_address>0x54d6</run_address>
         <size>0x2</size>
         <input_file_ref idref="fl-3a"/>
      </object_component>
      <object_component id="oc-187">
         <name>.text:_isr:__TI_ISR_TRAP</name>
         <load_address>0x5aea</load_address>
         <run_address>0x5aea</run_address>
         <size>0x8</size>
         <input_file_ref idref="fl-2e"/>
      </object_component>
      <object_component id="oc-434">
         <name>.cinit..data.load</name>
         <load_address>0x5af2</load_address>
         <run_address>0x5af2</run_address>
         <size>0x6</size>
      </object_component>
      <object_component id="oc-431">
         <name>__TI_handler_table</name>
         <load_address>0x5af8</load_address>
         <run_address>0x5af8</run_address>
         <size>0x6</size>
      </object_component>
      <object_component id="oc-433">
         <name>.cinit..bss.load</name>
         <load_address>0x5afe</load_address>
         <run_address>0x5afe</run_address>
         <size>0x4</size>
      </object_component>
      <object_component id="oc-432">
         <name>__TI_cinit_table</name>
         <load_address>0x5b02</load_address>
         <run_address>0x5b02</run_address>
         <size>0x8</size>
      </object_component>
      <object_component id="oc-24f">
         <name>.const:.string</name>
         <load_address>0x54d8</load_address>
         <run_address>0x54d8</run_address>
         <size>0x612</size>
         <input_file_ref idref="fl-2"/>
      </object_component>
      <object_component id="oc-3e4">
         <name>.binit</name>
         <load_address>0x3100</load_address>
         <run_address>0x3100</run_address>
         <size>0x0</size>
      </object_component>
      <object_component id="oc-53">
         <name>.int14</name>
         <load_address>0xffdc</load_address>
         <run_address>0xffdc</run_address>
         <size>0x2</size>
         <input_file_ref idref="fl-1f"/>
      </object_component>
      <object_component id="oc-54">
         <name>.int15</name>
         <load_address>0xffde</load_address>
         <run_address>0xffde</run_address>
         <size>0x2</size>
         <input_file_ref idref="fl-20"/>
      </object_component>
      <object_component id="oc-55">
         <name>.int16</name>
         <load_address>0xffe0</load_address>
         <run_address>0xffe0</run_address>
         <size>0x2</size>
         <input_file_ref idref="fl-21"/>
      </object_component>
      <object_component id="oc-56">
         <name>.int17</name>
         <load_address>0xffe2</load_address>
         <run_address>0xffe2</run_address>
         <size>0x2</size>
         <input_file_ref idref="fl-22"/>
      </object_component>
      <object_component id="oc-57">
         <name>.int18</name>
         <load_address>0xffe4</load_address>
         <run_address>0xffe4</run_address>
         <size>0x2</size>
         <input_file_ref idref="fl-23"/>
      </object_component>
      <object_component id="oc-58">
         <name>.int19</name>
         <load_address>0xffe6</load_address>
         <run_address>0xffe6</run_address>
         <size>0x2</size>
         <input_file_ref idref="fl-24"/>
      </object_component>
      <object_component id="oc-59">
         <name>.int20</name>
         <load_address>0xffe8</load_address>
         <run_address>0xffe8</run_address>
         <size>0x2</size>
         <input_file_ref idref="fl-25"/>
      </object_component>
      <object_component id="oc-5a">
         <name>.int21</name>
         <load_address>0xffea</load_address>
         <run_address>0xffea</run_address>
         <size>0x2</size>
         <input_file_ref idref="fl-26"/>
      </object_component>
      <object_component id="oc-5b">
         <name>.int22</name>
         <load_address>0xffec</load_address>
         <run_address>0xffec</run_address>
         <size>0x2</size>
         <input_file_ref idref="fl-2"/>
      </object_component>
      <object_component id="oc-5c">
         <name>.int23</name>
         <load_address>0xffee</load_address>
         <run_address>0xffee</run_address>
         <size>0x2</size>
         <input_file_ref idref="fl-2"/>
      </object_component>
      <object_component id="oc-5d">
         <name>.int24</name>
         <load_address>0xfff0</load_address>
         <run_address>0xfff0</run_address>
         <size>0x2</size>
         <input_file_ref idref="fl-27"/>
      </object_component>
      <object_component id="oc-5e">
         <name>.int25</name>
         <load_address>0xfff2</load_address>
         <run_address>0xfff2</run_address>
         <size>0x2</size>
         <input_file_ref idref="fl-28"/>
      </object_component>
      <object_component id="oc-5f">
         <name>.int26</name>
         <load_address>0xfff4</load_address>
         <run_address>0xfff4</run_address>
         <size>0x2</size>
         <input_file_ref idref="fl-29"/>
      </object_component>
      <object_component id="oc-60">
         <name>.int27</name>
         <load_address>0xfff6</load_address>
         <run_address>0xfff6</run_address>
         <size>0x2</size>
         <input_file_ref idref="fl-2a"/>
      </object_component>
      <object_component id="oc-61">
         <name>.int28</name>
         <load_address>0xfff8</load_address>
         <run_address>0xfff8</run_address>
         <size>0x2</size>
         <input_file_ref idref="fl-2b"/>
      </object_component>
      <object_component id="oc-62">
         <name>.int29</name>
         <load_address>0xfffa</load_address>
         <run_address>0xfffa</run_address>
         <size>0x2</size>
         <input_file_ref idref="fl-2c"/>
      </object_component>
      <object_component id="oc-63">
         <name>.int30</name>
         <load_address>0xfffc</load_address>
         <run_address>0xfffc</run_address>
         <size>0x2</size>
         <input_file_ref idref="fl-2d"/>
      </object_component>
      <object_component id="oc-15f">
         <name>.reset</name>
         <load_address>0xfffe</load_address>
         <run_address>0xfffe</run_address>
         <size>0x2</size>
         <input_file_ref idref="fl-34"/>
      </object_component>
      <object_component id="oc-1f6">
         <name>.debug_info</name>
         <load_address>0x0</load_address>
         <run_address>0x0</run_address>
         <size>0x7ae</size>
         <input_file_ref idref="fl-2"/>
      </object_component>
      <object_component id="oc-24d">
         <name>.debug_info</name>
         <load_address>0x7ae</load_address>
         <run_address>0x7ae</run_address>
         <size>0xce</size>
         <input_file_ref idref="fl-2"/>
      </object_component>
      <object_component id="oc-328">
         <name>.debug_info</name>
         <load_address>0x87c</load_address>
         <run_address>0x87c</run_address>
         <size>0x134</size>
         <input_file_ref idref="fl-2"/>
      </object_component>
      <object_component id="oc-251">
         <name>.debug_info</name>
         <load_address>0x9b0</load_address>
         <run_address>0x9b0</run_address>
         <size>0x173</size>
         <input_file_ref idref="fl-2"/>
      </object_component>
      <object_component id="oc-1ef">
         <name>.debug_info</name>
         <load_address>0xb23</load_address>
         <run_address>0xb23</run_address>
         <size>0x306</size>
         <input_file_ref idref="fl-2"/>
      </object_component>
      <object_component id="oc-18e">
         <name>.debug_info</name>
         <load_address>0xe29</load_address>
         <run_address>0xe29</run_address>
         <size>0x10a</size>
         <input_file_ref idref="fl-2"/>
      </object_component>
      <object_component id="oc-348">
         <name>.debug_info</name>
         <load_address>0xf33</load_address>
         <run_address>0xf33</run_address>
         <size>0x12b</size>
         <input_file_ref idref="fl-2"/>
      </object_component>
      <object_component id="oc-2ab">
         <name>.debug_info</name>
         <load_address>0x105e</load_address>
         <run_address>0x105e</run_address>
         <size>0x20c</size>
         <input_file_ref idref="fl-2"/>
      </object_component>
      <object_component id="oc-27a">
         <name>.debug_info</name>
         <load_address>0x126a</load_address>
         <run_address>0x126a</run_address>
         <size>0x1af</size>
         <input_file_ref idref="fl-2"/>
      </object_component>
      <object_component id="oc-268">
         <name>.debug_info</name>
         <load_address>0x1419</load_address>
         <run_address>0x1419</run_address>
         <size>0x118</size>
         <input_file_ref idref="fl-2"/>
      </object_component>
      <object_component id="oc-26e">
         <name>.debug_info</name>
         <load_address>0x1531</load_address>
         <run_address>0x1531</run_address>
         <size>0x10c</size>
         <input_file_ref idref="fl-2"/>
      </object_component>
      <object_component id="oc-274">
         <name>.debug_info</name>
         <load_address>0x163d</load_address>
         <run_address>0x163d</run_address>
         <size>0x136</size>
         <input_file_ref idref="fl-2"/>
      </object_component>
      <object_component id="oc-287">
         <name>.debug_info</name>
         <load_address>0x1773</load_address>
         <run_address>0x1773</run_address>
         <size>0x24b</size>
         <input_file_ref idref="fl-2"/>
      </object_component>
      <object_component id="oc-28d">
         <name>.debug_info</name>
         <load_address>0x19be</load_address>
         <run_address>0x19be</run_address>
         <size>0x277</size>
         <input_file_ref idref="fl-2"/>
      </object_component>
      <object_component id="oc-293">
         <name>.debug_info</name>
         <load_address>0x1c35</load_address>
         <run_address>0x1c35</run_address>
         <size>0x293</size>
         <input_file_ref idref="fl-2"/>
      </object_component>
      <object_component id="oc-299">
         <name>.debug_info</name>
         <load_address>0x1ec8</load_address>
         <run_address>0x1ec8</run_address>
         <size>0x2bf</size>
         <input_file_ref idref="fl-2"/>
      </object_component>
      <object_component id="oc-29f">
         <name>.debug_info</name>
         <load_address>0x2187</load_address>
         <run_address>0x2187</run_address>
         <size>0x26f</size>
         <input_file_ref idref="fl-2"/>
      </object_component>
      <object_component id="oc-2a5">
         <name>.debug_info</name>
         <load_address>0x23f6</load_address>
         <run_address>0x23f6</run_address>
         <size>0x278</size>
         <input_file_ref idref="fl-2"/>
      </object_component>
      <object_component id="oc-2b2">
         <name>.debug_info</name>
         <load_address>0x266e</load_address>
         <run_address>0x266e</run_address>
         <size>0x112</size>
         <input_file_ref idref="fl-2"/>
      </object_component>
      <object_component id="oc-2b8">
         <name>.debug_info</name>
         <load_address>0x2780</load_address>
         <run_address>0x2780</run_address>
         <size>0x117</size>
         <input_file_ref idref="fl-2"/>
      </object_component>
      <object_component id="oc-20a">
         <name>.debug_info</name>
         <load_address>0x2897</load_address>
         <run_address>0x2897</run_address>
         <size>0x3e4</size>
         <input_file_ref idref="fl-2"/>
      </object_component>
      <object_component id="oc-193">
         <name>.debug_info</name>
         <load_address>0x2c7b</load_address>
         <run_address>0x2c7b</run_address>
         <size>0xf7</size>
         <input_file_ref idref="fl-2"/>
      </object_component>
      <object_component id="oc-259">
         <name>.debug_info</name>
         <load_address>0x2d72</load_address>
         <run_address>0x2d72</run_address>
         <size>0x26b</size>
         <input_file_ref idref="fl-2"/>
      </object_component>
      <object_component id="oc-175">
         <name>.debug_info</name>
         <load_address>0x2fdd</load_address>
         <run_address>0x2fdd</run_address>
         <size>0x84</size>
         <input_file_ref idref="fl-2"/>
      </object_component>
      <object_component id="oc-334">
         <name>.debug_info</name>
         <load_address>0x3061</load_address>
         <run_address>0x3061</run_address>
         <size>0x275</size>
         <input_file_ref idref="fl-2"/>
      </object_component>
      <object_component id="oc-25e">
         <name>.debug_info</name>
         <load_address>0x32d6</load_address>
         <run_address>0x32d6</run_address>
         <size>0xcc</size>
         <input_file_ref idref="fl-2"/>
      </object_component>
      <object_component id="oc-16d">
         <name>.debug_info</name>
         <load_address>0x33a2</load_address>
         <run_address>0x33a2</run_address>
         <size>0x126</size>
         <input_file_ref idref="fl-1d"/>
      </object_component>
      <object_component id="oc-249">
         <name>.debug_info</name>
         <load_address>0x34c8</load_address>
         <run_address>0x34c8</run_address>
         <size>0x125</size>
         <input_file_ref idref="fl-1e"/>
      </object_component>
      <object_component id="oc-18a">
         <name>.debug_info</name>
         <load_address>0x35ed</load_address>
         <run_address>0x35ed</run_address>
         <size>0x107</size>
         <input_file_ref idref="fl-2e"/>
      </object_component>
      <object_component id="oc-398">
         <name>.debug_info</name>
         <load_address>0x36f4</load_address>
         <run_address>0x36f4</run_address>
         <size>0x117</size>
         <input_file_ref idref="fl-2f"/>
      </object_component>
      <object_component id="oc-38d">
         <name>.debug_info</name>
         <load_address>0x380b</load_address>
         <run_address>0x380b</run_address>
         <size>0x117</size>
         <input_file_ref idref="fl-31"/>
      </object_component>
      <object_component id="oc-15d">
         <name>.debug_info</name>
         <load_address>0x3922</load_address>
         <run_address>0x3922</run_address>
         <size>0xf5</size>
         <input_file_ref idref="fl-34"/>
      </object_component>
      <object_component id="oc-1ad">
         <name>.debug_info</name>
         <load_address>0x3a17</load_address>
         <run_address>0x3a17</run_address>
         <size>0x16f</size>
         <input_file_ref idref="fl-34"/>
      </object_component>
      <object_component id="oc-368">
         <name>.debug_info</name>
         <load_address>0x3b86</load_address>
         <run_address>0x3b86</run_address>
         <size>0x472</size>
         <input_file_ref idref="fl-35"/>
      </object_component>
      <object_component id="oc-2e2">
         <name>.debug_info</name>
         <load_address>0x3ff8</load_address>
         <run_address>0x3ff8</run_address>
         <size>0x206</size>
         <input_file_ref idref="fl-35"/>
      </object_component>
      <object_component id="oc-3bd">
         <name>.debug_info</name>
         <load_address>0x41fe</load_address>
         <run_address>0x41fe</run_address>
         <size>0x39</size>
         <input_file_ref idref="fl-35"/>
      </object_component>
      <object_component id="oc-3c9">
         <name>.debug_info</name>
         <load_address>0x4237</load_address>
         <run_address>0x4237</run_address>
         <size>0x2c</size>
         <input_file_ref idref="fl-35"/>
      </object_component>
      <object_component id="oc-373">
         <name>.debug_info</name>
         <load_address>0x4263</load_address>
         <run_address>0x4263</run_address>
         <size>0x2c</size>
         <input_file_ref idref="fl-35"/>
      </object_component>
      <object_component id="oc-3c2">
         <name>.debug_info</name>
         <load_address>0x428f</load_address>
         <run_address>0x428f</run_address>
         <size>0xcd</size>
         <input_file_ref idref="fl-35"/>
      </object_component>
      <object_component id="oc-200">
         <name>.debug_info</name>
         <load_address>0x435c</load_address>
         <run_address>0x435c</run_address>
         <size>0x1b4</size>
         <input_file_ref idref="fl-36"/>
      </object_component>
      <object_component id="oc-199">
         <name>.debug_info</name>
         <load_address>0x4510</load_address>
         <run_address>0x4510</run_address>
         <size>0x1c7</size>
         <input_file_ref idref="fl-36"/>
      </object_component>
      <object_component id="oc-1fb">
         <name>.debug_info</name>
         <load_address>0x46d7</load_address>
         <run_address>0x46d7</run_address>
         <size>0x46</size>
         <input_file_ref idref="fl-36"/>
      </object_component>
      <object_component id="oc-1e1">
         <name>.debug_info</name>
         <load_address>0x471d</load_address>
         <run_address>0x471d</run_address>
         <size>0x2c</size>
         <input_file_ref idref="fl-36"/>
      </object_component>
      <object_component id="oc-203">
         <name>.debug_info</name>
         <load_address>0x4749</load_address>
         <run_address>0x4749</run_address>
         <size>0x148</size>
         <input_file_ref idref="fl-39"/>
      </object_component>
      <object_component id="oc-362">
         <name>.debug_info</name>
         <load_address>0x4891</load_address>
         <run_address>0x4891</run_address>
         <size>0x145</size>
         <input_file_ref idref="fl-3a"/>
      </object_component>
      <object_component id="oc-186">
         <name>.debug_info</name>
         <load_address>0x49d6</load_address>
         <run_address>0x49d6</run_address>
         <size>0x175</size>
         <input_file_ref idref="fl-3b"/>
      </object_component>
      <object_component id="oc-4e">
         <name>.debug_info</name>
         <load_address>0x4b4b</load_address>
         <run_address>0x4b4b</run_address>
         <size>0x1df</size>
         <input_file_ref idref="fl-3b"/>
      </object_component>
      <object_component id="oc-181">
         <name>.debug_info</name>
         <load_address>0x4d2a</load_address>
         <run_address>0x4d2a</run_address>
         <size>0x46</size>
         <input_file_ref idref="fl-3b"/>
      </object_component>
      <object_component id="oc-1e6">
         <name>.debug_info</name>
         <load_address>0x4d70</load_address>
         <run_address>0x4d70</run_address>
         <size>0x2c</size>
         <input_file_ref idref="fl-3b"/>
      </object_component>
      <object_component id="oc-1de">
         <name>.debug_info</name>
         <load_address>0x4d9c</load_address>
         <run_address>0x4d9c</run_address>
         <size>0x16b</size>
         <input_file_ref idref="fl-3c"/>
      </object_component>
      <object_component id="oc-4a">
         <name>.debug_info</name>
         <load_address>0x4f07</load_address>
         <run_address>0x4f07</run_address>
         <size>0x287</size>
         <input_file_ref idref="fl-3c"/>
      </object_component>
      <object_component id="oc-170">
         <name>.debug_info</name>
         <load_address>0x518e</load_address>
         <run_address>0x518e</run_address>
         <size>0x60</size>
         <input_file_ref idref="fl-3c"/>
      </object_component>
      <object_component id="oc-224">
         <name>.debug_info</name>
         <load_address>0x51ee</load_address>
         <run_address>0x51ee</run_address>
         <size>0x46</size>
         <input_file_ref idref="fl-3c"/>
      </object_component>
      <object_component id="oc-1d9">
         <name>.debug_info</name>
         <load_address>0x5234</load_address>
         <run_address>0x5234</run_address>
         <size>0x39</size>
         <input_file_ref idref="fl-3c"/>
      </object_component>
      <object_component id="oc-321">
         <name>.debug_info</name>
         <load_address>0x526d</load_address>
         <run_address>0x526d</run_address>
         <size>0x197</size>
         <input_file_ref idref="fl-3d"/>
      </object_component>
      <object_component id="oc-23b">
         <name>.debug_info</name>
         <load_address>0x5404</load_address>
         <run_address>0x5404</run_address>
         <size>0x27f</size>
         <input_file_ref idref="fl-3d"/>
      </object_component>
      <object_component id="oc-308">
         <name>.debug_info</name>
         <load_address>0x5683</load_address>
         <run_address>0x5683</run_address>
         <size>0x94</size>
         <input_file_ref idref="fl-3d"/>
      </object_component>
      <object_component id="oc-307">
         <name>.debug_info</name>
         <load_address>0x5717</load_address>
         <run_address>0x5717</run_address>
         <size>0x160</size>
         <input_file_ref idref="fl-3e"/>
      </object_component>
      <object_component id="oc-22e">
         <name>.debug_info</name>
         <load_address>0x5877</load_address>
         <run_address>0x5877</run_address>
         <size>0x210</size>
         <input_file_ref idref="fl-3e"/>
      </object_component>
      <object_component id="oc-39b">
         <name>.debug_info</name>
         <load_address>0x5a87</load_address>
         <run_address>0x5a87</run_address>
         <size>0x167</size>
         <input_file_ref idref="fl-3f"/>
      </object_component>
      <object_component id="oc-31c">
         <name>.debug_info</name>
         <load_address>0x5bee</load_address>
         <run_address>0x5bee</run_address>
         <size>0x5c4</size>
         <input_file_ref idref="fl-3f"/>
      </object_component>
      <object_component id="oc-319">
         <name>.debug_info</name>
         <load_address>0x61b2</load_address>
         <run_address>0x61b2</run_address>
         <size>0x197</size>
         <input_file_ref idref="fl-40"/>
      </object_component>
      <object_component id="oc-234">
         <name>.debug_info</name>
         <load_address>0x6349</load_address>
         <run_address>0x6349</run_address>
         <size>0x2d5</size>
         <input_file_ref idref="fl-40"/>
      </object_component>
      <object_component id="oc-323">
         <name>.debug_info</name>
         <load_address>0x661e</load_address>
         <run_address>0x661e</run_address>
         <size>0x15a</size>
         <input_file_ref idref="fl-41"/>
      </object_component>
      <object_component id="oc-241">
         <name>.debug_info</name>
         <load_address>0x6778</load_address>
         <run_address>0x6778</run_address>
         <size>0x1cd</size>
         <input_file_ref idref="fl-41"/>
      </object_component>
      <object_component id="oc-2bf">
         <name>.debug_info</name>
         <load_address>0x6945</load_address>
         <run_address>0x6945</run_address>
         <size>0x117</size>
         <input_file_ref idref="fl-42"/>
      </object_component>
      <object_component id="oc-1e0">
         <name>.debug_info</name>
         <load_address>0x6a5c</load_address>
         <run_address>0x6a5c</run_address>
         <size>0x176</size>
         <input_file_ref idref="fl-45"/>
      </object_component>
      <object_component id="oc-17c">
         <name>.debug_info</name>
         <load_address>0x6bd2</load_address>
         <run_address>0x6bd2</run_address>
         <size>0x16f</size>
         <input_file_ref idref="fl-45"/>
      </object_component>
      <object_component id="oc-33f">
         <name>.debug_info</name>
         <load_address>0x6d41</load_address>
         <run_address>0x6d41</run_address>
         <size>0x157</size>
         <input_file_ref idref="fl-46"/>
      </object_component>
      <object_component id="oc-280">
         <name>.debug_info</name>
         <load_address>0x6e98</load_address>
         <run_address>0x6e98</run_address>
         <size>0x258</size>
         <input_file_ref idref="fl-46"/>
      </object_component>
      <object_component id="oc-3a2">
         <name>.debug_info</name>
         <load_address>0x70f0</load_address>
         <run_address>0x70f0</run_address>
         <size>0x157</size>
         <input_file_ref idref="fl-47"/>
      </object_component>
      <object_component id="oc-32f">
         <name>.debug_info</name>
         <load_address>0x7247</load_address>
         <run_address>0x7247</run_address>
         <size>0x215</size>
         <input_file_ref idref="fl-47"/>
      </object_component>
      <object_component id="oc-30f">
         <name>.debug_info</name>
         <load_address>0x745c</load_address>
         <run_address>0x745c</run_address>
         <size>0x118</size>
         <input_file_ref idref="fl-48"/>
      </object_component>
      <object_component id="oc-388">
         <name>.debug_info</name>
         <load_address>0x7574</load_address>
         <run_address>0x7574</run_address>
         <size>0x11e</size>
         <input_file_ref idref="fl-49"/>
      </object_component>
      <object_component id="oc-163">
         <name>.debug_info</name>
         <load_address>0x7692</load_address>
         <run_address>0x7692</run_address>
         <size>0x118</size>
         <input_file_ref idref="fl-4a"/>
      </object_component>
      <object_component id="oc-2ff">
         <name>.debug_info</name>
         <load_address>0x77aa</load_address>
         <run_address>0x77aa</run_address>
         <size>0x11e</size>
         <input_file_ref idref="fl-4b"/>
      </object_component>
      <object_component id="oc-166">
         <name>.debug_info</name>
         <load_address>0x78c8</load_address>
         <run_address>0x78c8</run_address>
         <size>0x118</size>
         <input_file_ref idref="fl-4c"/>
      </object_component>
      <object_component id="oc-304">
         <name>.debug_info</name>
         <load_address>0x79e0</load_address>
         <run_address>0x79e0</run_address>
         <size>0x11e</size>
         <input_file_ref idref="fl-4d"/>
      </object_component>
      <object_component id="oc-392">
         <name>.debug_info</name>
         <load_address>0x7afe</load_address>
         <run_address>0x7afe</run_address>
         <size>0x167</size>
         <input_file_ref idref="fl-52"/>
      </object_component>
      <object_component id="oc-313">
         <name>.debug_info</name>
         <load_address>0x7c65</load_address>
         <run_address>0x7c65</run_address>
         <size>0x3a0</size>
         <input_file_ref idref="fl-52"/>
      </object_component>
      <object_component id="oc-436">
         <name>.debug_info</name>
         <load_address>0x8005</load_address>
         <run_address>0x8005</run_address>
         <size>0x9e</size>
      </object_component>
      <object_component id="oc-258">
         <name>.debug_line</name>
         <load_address>0x0</load_address>
         <run_address>0x0</run_address>
         <size>0xab</size>
         <input_file_ref idref="fl-2"/>
      </object_component>
      <object_component id="oc-326">
         <name>.debug_line</name>
         <load_address>0xab</load_address>
         <run_address>0xab</run_address>
         <size>0x2d</size>
         <input_file_ref idref="fl-2"/>
      </object_component>
      <object_component id="oc-32b">
         <name>.debug_line</name>
         <load_address>0xd8</load_address>
         <run_address>0xd8</run_address>
         <size>0x4d</size>
         <input_file_ref idref="fl-2"/>
      </object_component>
      <object_component id="oc-254">
         <name>.debug_line</name>
         <load_address>0x125</load_address>
         <run_address>0x125</run_address>
         <size>0x58</size>
         <input_file_ref idref="fl-2"/>
      </object_component>
      <object_component id="oc-1f2">
         <name>.debug_line</name>
         <load_address>0x17d</load_address>
         <run_address>0x17d</run_address>
         <size>0x106</size>
         <input_file_ref idref="fl-2"/>
      </object_component>
      <object_component id="oc-18d">
         <name>.debug_line</name>
         <load_address>0x283</load_address>
         <run_address>0x283</run_address>
         <size>0x44</size>
         <input_file_ref idref="fl-2"/>
      </object_component>
      <object_component id="oc-347">
         <name>.debug_line</name>
         <load_address>0x2c7</load_address>
         <run_address>0x2c7</run_address>
         <size>0x4e</size>
         <input_file_ref idref="fl-2"/>
      </object_component>
      <object_component id="oc-2aa">
         <name>.debug_line</name>
         <load_address>0x315</load_address>
         <run_address>0x315</run_address>
         <size>0x63</size>
         <input_file_ref idref="fl-2"/>
      </object_component>
      <object_component id="oc-279">
         <name>.debug_line</name>
         <load_address>0x378</load_address>
         <run_address>0x378</run_address>
         <size>0x64</size>
         <input_file_ref idref="fl-2"/>
      </object_component>
      <object_component id="oc-267">
         <name>.debug_line</name>
         <load_address>0x3dc</load_address>
         <run_address>0x3dc</run_address>
         <size>0x50</size>
         <input_file_ref idref="fl-2"/>
      </object_component>
      <object_component id="oc-26d">
         <name>.debug_line</name>
         <load_address>0x42c</load_address>
         <run_address>0x42c</run_address>
         <size>0x52</size>
         <input_file_ref idref="fl-2"/>
      </object_component>
      <object_component id="oc-273">
         <name>.debug_line</name>
         <load_address>0x47e</load_address>
         <run_address>0x47e</run_address>
         <size>0x52</size>
         <input_file_ref idref="fl-2"/>
      </object_component>
      <object_component id="oc-286">
         <name>.debug_line</name>
         <load_address>0x4d0</load_address>
         <run_address>0x4d0</run_address>
         <size>0x81</size>
         <input_file_ref idref="fl-2"/>
      </object_component>
      <object_component id="oc-28c">
         <name>.debug_line</name>
         <load_address>0x551</load_address>
         <run_address>0x551</run_address>
         <size>0x99</size>
         <input_file_ref idref="fl-2"/>
      </object_component>
      <object_component id="oc-292">
         <name>.debug_line</name>
         <load_address>0x5ea</load_address>
         <run_address>0x5ea</run_address>
         <size>0x82</size>
         <input_file_ref idref="fl-2"/>
      </object_component>
      <object_component id="oc-298">
         <name>.debug_line</name>
         <load_address>0x66c</load_address>
         <run_address>0x66c</run_address>
         <size>0x9c</size>
         <input_file_ref idref="fl-2"/>
      </object_component>
      <object_component id="oc-29e">
         <name>.debug_line</name>
         <load_address>0x708</load_address>
         <run_address>0x708</run_address>
         <size>0x84</size>
         <input_file_ref idref="fl-2"/>
      </object_component>
      <object_component id="oc-2a4">
         <name>.debug_line</name>
         <load_address>0x78c</load_address>
         <run_address>0x78c</run_address>
         <size>0x9a</size>
         <input_file_ref idref="fl-2"/>
      </object_component>
      <object_component id="oc-2b1">
         <name>.debug_line</name>
         <load_address>0x826</load_address>
         <run_address>0x826</run_address>
         <size>0x4f</size>
         <input_file_ref idref="fl-2"/>
      </object_component>
      <object_component id="oc-2b7">
         <name>.debug_line</name>
         <load_address>0x875</load_address>
         <run_address>0x875</run_address>
         <size>0x5c</size>
         <input_file_ref idref="fl-2"/>
      </object_component>
      <object_component id="oc-209">
         <name>.debug_line</name>
         <load_address>0x8d1</load_address>
         <run_address>0x8d1</run_address>
         <size>0xdb</size>
         <input_file_ref idref="fl-2"/>
      </object_component>
      <object_component id="oc-197">
         <name>.debug_line</name>
         <load_address>0x9ac</load_address>
         <run_address>0x9ac</run_address>
         <size>0x45</size>
         <input_file_ref idref="fl-2"/>
      </object_component>
      <object_component id="oc-25c">
         <name>.debug_line</name>
         <load_address>0x9f1</load_address>
         <run_address>0x9f1</run_address>
         <size>0x6c</size>
         <input_file_ref idref="fl-2"/>
      </object_component>
      <object_component id="oc-178">
         <name>.debug_line</name>
         <load_address>0xa5d</load_address>
         <run_address>0xa5d</run_address>
         <size>0x20</size>
         <input_file_ref idref="fl-2"/>
      </object_component>
      <object_component id="oc-337">
         <name>.debug_line</name>
         <load_address>0xa7d</load_address>
         <run_address>0xa7d</run_address>
         <size>0x70</size>
         <input_file_ref idref="fl-2"/>
      </object_component>
      <object_component id="oc-261">
         <name>.debug_line</name>
         <load_address>0xaed</load_address>
         <run_address>0xaed</run_address>
         <size>0x67</size>
         <input_file_ref idref="fl-2"/>
      </object_component>
      <object_component id="oc-16c">
         <name>.debug_line</name>
         <load_address>0xb54</load_address>
         <run_address>0xb54</run_address>
         <size>0x40</size>
         <input_file_ref idref="fl-1d"/>
      </object_component>
      <object_component id="oc-24b">
         <name>.debug_line</name>
         <load_address>0xb94</load_address>
         <run_address>0xb94</run_address>
         <size>0x5e</size>
         <input_file_ref idref="fl-1e"/>
      </object_component>
      <object_component id="oc-188">
         <name>.debug_line</name>
         <load_address>0xbf2</load_address>
         <run_address>0xbf2</run_address>
         <size>0x3d</size>
         <input_file_ref idref="fl-2e"/>
      </object_component>
      <object_component id="oc-396">
         <name>.debug_line</name>
         <load_address>0xc2f</load_address>
         <run_address>0xc2f</run_address>
         <size>0x42</size>
         <input_file_ref idref="fl-2f"/>
      </object_component>
      <object_component id="oc-390">
         <name>.debug_line</name>
         <load_address>0xc71</load_address>
         <run_address>0xc71</run_address>
         <size>0x4b</size>
         <input_file_ref idref="fl-31"/>
      </object_component>
      <object_component id="oc-1d5">
         <name>.debug_line</name>
         <load_address>0xcbc</load_address>
         <run_address>0xcbc</run_address>
         <size>0x2a</size>
         <input_file_ref idref="fl-34"/>
      </object_component>
      <object_component id="oc-1af">
         <name>.debug_line</name>
         <load_address>0xce6</load_address>
         <run_address>0xce6</run_address>
         <size>0x46</size>
         <input_file_ref idref="fl-34"/>
      </object_component>
      <object_component id="oc-3bc">
         <name>.debug_line</name>
         <load_address>0xd2c</load_address>
         <run_address>0xd2c</run_address>
         <size>0xb7</size>
         <input_file_ref idref="fl-35"/>
      </object_component>
      <object_component id="oc-2e6">
         <name>.debug_line</name>
         <load_address>0xde3</load_address>
         <run_address>0xde3</run_address>
         <size>0x82</size>
         <input_file_ref idref="fl-35"/>
      </object_component>
      <object_component id="oc-3c0">
         <name>.debug_line</name>
         <load_address>0xe65</load_address>
         <run_address>0xe65</run_address>
         <size>0x2e</size>
         <input_file_ref idref="fl-35"/>
      </object_component>
      <object_component id="oc-3cc">
         <name>.debug_line</name>
         <load_address>0xe93</load_address>
         <run_address>0xe93</run_address>
         <size>0x92</size>
         <input_file_ref idref="fl-35"/>
      </object_component>
      <object_component id="oc-376">
         <name>.debug_line</name>
         <load_address>0xf25</load_address>
         <run_address>0xf25</run_address>
         <size>0x8f</size>
         <input_file_ref idref="fl-35"/>
      </object_component>
      <object_component id="oc-3c5">
         <name>.debug_line</name>
         <load_address>0xfb4</load_address>
         <run_address>0xfb4</run_address>
         <size>0x8b</size>
         <input_file_ref idref="fl-35"/>
      </object_component>
      <object_component id="oc-264">
         <name>.debug_line</name>
         <load_address>0x103f</load_address>
         <run_address>0x103f</run_address>
         <size>0x34</size>
         <input_file_ref idref="fl-36"/>
      </object_component>
      <object_component id="oc-19c">
         <name>.debug_line</name>
         <load_address>0x1073</load_address>
         <run_address>0x1073</run_address>
         <size>0x4d</size>
         <input_file_ref idref="fl-36"/>
      </object_component>
      <object_component id="oc-1fe">
         <name>.debug_line</name>
         <load_address>0x10c0</load_address>
         <run_address>0x10c0</run_address>
         <size>0x34</size>
         <input_file_ref idref="fl-36"/>
      </object_component>
      <object_component id="oc-1e4">
         <name>.debug_line</name>
         <load_address>0x10f4</load_address>
         <run_address>0x10f4</run_address>
         <size>0x8a</size>
         <input_file_ref idref="fl-36"/>
      </object_component>
      <object_component id="oc-207">
         <name>.debug_line</name>
         <load_address>0x117e</load_address>
         <run_address>0x117e</run_address>
         <size>0x3e</size>
         <input_file_ref idref="fl-39"/>
      </object_component>
      <object_component id="oc-365">
         <name>.debug_line</name>
         <load_address>0x11bc</load_address>
         <run_address>0x11bc</run_address>
         <size>0x3a</size>
         <input_file_ref idref="fl-3a"/>
      </object_component>
      <object_component id="oc-1ec">
         <name>.debug_line</name>
         <load_address>0x11f6</load_address>
         <run_address>0x11f6</run_address>
         <size>0x20</size>
         <input_file_ref idref="fl-3b"/>
      </object_component>
      <object_component id="oc-51">
         <name>.debug_line</name>
         <load_address>0x1216</load_address>
         <run_address>0x1216</run_address>
         <size>0x50</size>
         <input_file_ref idref="fl-3b"/>
      </object_component>
      <object_component id="oc-184">
         <name>.debug_line</name>
         <load_address>0x1266</load_address>
         <run_address>0x1266</run_address>
         <size>0x3a</size>
         <input_file_ref idref="fl-3b"/>
      </object_component>
      <object_component id="oc-1e9">
         <name>.debug_line</name>
         <load_address>0x12a0</load_address>
         <run_address>0x12a0</run_address>
         <size>0x8a</size>
         <input_file_ref idref="fl-3b"/>
      </object_component>
      <object_component id="oc-22a">
         <name>.debug_line</name>
         <load_address>0x132a</load_address>
         <run_address>0x132a</run_address>
         <size>0x20</size>
         <input_file_ref idref="fl-3c"/>
      </object_component>
      <object_component id="oc-49">
         <name>.debug_line</name>
         <load_address>0x134a</load_address>
         <run_address>0x134a</run_address>
         <size>0x92</size>
         <input_file_ref idref="fl-3c"/>
      </object_component>
      <object_component id="oc-173">
         <name>.debug_line</name>
         <load_address>0x13dc</load_address>
         <run_address>0x13dc</run_address>
         <size>0x3a</size>
         <input_file_ref idref="fl-3c"/>
      </object_component>
      <object_component id="oc-227">
         <name>.debug_line</name>
         <load_address>0x1416</load_address>
         <run_address>0x1416</run_address>
         <size>0x92</size>
         <input_file_ref idref="fl-3c"/>
      </object_component>
      <object_component id="oc-1dc">
         <name>.debug_line</name>
         <load_address>0x14a8</load_address>
         <run_address>0x14a8</run_address>
         <size>0x8e</size>
         <input_file_ref idref="fl-3c"/>
      </object_component>
      <object_component id="oc-39d">
         <name>.debug_line</name>
         <load_address>0x1536</load_address>
         <run_address>0x1536</run_address>
         <size>0x2d</size>
         <input_file_ref idref="fl-3d"/>
      </object_component>
      <object_component id="oc-23a">
         <name>.debug_line</name>
         <load_address>0x1563</load_address>
         <run_address>0x1563</run_address>
         <size>0xec</size>
         <input_file_ref idref="fl-3d"/>
      </object_component>
      <object_component id="oc-30b">
         <name>.debug_line</name>
         <load_address>0x164f</load_address>
         <run_address>0x164f</run_address>
         <size>0x2e</size>
         <input_file_ref idref="fl-3d"/>
      </object_component>
      <object_component id="oc-385">
         <name>.debug_line</name>
         <load_address>0x167d</load_address>
         <run_address>0x167d</run_address>
         <size>0x20</size>
         <input_file_ref idref="fl-3e"/>
      </object_component>
      <object_component id="oc-232">
         <name>.debug_line</name>
         <load_address>0x169d</load_address>
         <run_address>0x169d</run_address>
         <size>0x81</size>
         <input_file_ref idref="fl-3e"/>
      </object_component>
      <object_component id="oc-3d4">
         <name>.debug_line</name>
         <load_address>0x171e</load_address>
         <run_address>0x171e</run_address>
         <size>0x20</size>
         <input_file_ref idref="fl-3f"/>
      </object_component>
      <object_component id="oc-31b">
         <name>.debug_line</name>
         <load_address>0x173e</load_address>
         <run_address>0x173e</run_address>
         <size>0xdc</size>
         <input_file_ref idref="fl-3f"/>
      </object_component>
      <object_component id="oc-394">
         <name>.debug_line</name>
         <load_address>0x181a</load_address>
         <run_address>0x181a</run_address>
         <size>0x2d</size>
         <input_file_ref idref="fl-40"/>
      </object_component>
      <object_component id="oc-237">
         <name>.debug_line</name>
         <load_address>0x1847</load_address>
         <run_address>0x1847</run_address>
         <size>0x103</size>
         <input_file_ref idref="fl-40"/>
      </object_component>
      <object_component id="oc-39f">
         <name>.debug_line</name>
         <load_address>0x194a</load_address>
         <run_address>0x194a</run_address>
         <size>0x20</size>
         <input_file_ref idref="fl-41"/>
      </object_component>
      <object_component id="oc-240">
         <name>.debug_line</name>
         <load_address>0x196a</load_address>
         <run_address>0x196a</run_address>
         <size>0x6c</size>
         <input_file_ref idref="fl-41"/>
      </object_component>
      <object_component id="oc-2be">
         <name>.debug_line</name>
         <load_address>0x19d6</load_address>
         <run_address>0x19d6</run_address>
         <size>0x3d</size>
         <input_file_ref idref="fl-42"/>
      </object_component>
      <object_component id="oc-22c">
         <name>.debug_line</name>
         <load_address>0x1a13</load_address>
         <run_address>0x1a13</run_address>
         <size>0x20</size>
         <input_file_ref idref="fl-45"/>
      </object_component>
      <object_component id="oc-17b">
         <name>.debug_line</name>
         <load_address>0x1a33</load_address>
         <run_address>0x1a33</run_address>
         <size>0x42</size>
         <input_file_ref idref="fl-45"/>
      </object_component>
      <object_component id="oc-3a4">
         <name>.debug_line</name>
         <load_address>0x1a75</load_address>
         <run_address>0x1a75</run_address>
         <size>0x20</size>
         <input_file_ref idref="fl-46"/>
      </object_component>
      <object_component id="oc-283">
         <name>.debug_line</name>
         <load_address>0x1a95</load_address>
         <run_address>0x1a95</run_address>
         <size>0xa7</size>
         <input_file_ref idref="fl-46"/>
      </object_component>
      <object_component id="oc-3d6">
         <name>.debug_line</name>
         <load_address>0x1b3c</load_address>
         <run_address>0x1b3c</run_address>
         <size>0x20</size>
         <input_file_ref idref="fl-47"/>
      </object_component>
      <object_component id="oc-32e">
         <name>.debug_line</name>
         <load_address>0x1b5c</load_address>
         <run_address>0x1b5c</run_address>
         <size>0xa4</size>
         <input_file_ref idref="fl-47"/>
      </object_component>
      <object_component id="oc-30e">
         <name>.debug_line</name>
         <load_address>0x1c00</load_address>
         <run_address>0x1c00</run_address>
         <size>0x4e</size>
         <input_file_ref idref="fl-48"/>
      </object_component>
      <object_component id="oc-38b">
         <name>.debug_line</name>
         <load_address>0x1c4e</load_address>
         <run_address>0x1c4e</run_address>
         <size>0x56</size>
         <input_file_ref idref="fl-49"/>
      </object_component>
      <object_component id="oc-162">
         <name>.debug_line</name>
         <load_address>0x1ca4</load_address>
         <run_address>0x1ca4</run_address>
         <size>0x4e</size>
         <input_file_ref idref="fl-4a"/>
      </object_component>
      <object_component id="oc-2fd">
         <name>.debug_line</name>
         <load_address>0x1cf2</load_address>
         <run_address>0x1cf2</run_address>
         <size>0x56</size>
         <input_file_ref idref="fl-4b"/>
      </object_component>
      <object_component id="oc-169">
         <name>.debug_line</name>
         <load_address>0x1d48</load_address>
         <run_address>0x1d48</run_address>
         <size>0x5e</size>
         <input_file_ref idref="fl-4c"/>
      </object_component>
      <object_component id="oc-302">
         <name>.debug_line</name>
         <load_address>0x1da6</load_address>
         <run_address>0x1da6</run_address>
         <size>0x65</size>
         <input_file_ref idref="fl-4d"/>
      </object_component>
      <object_component id="oc-3d1">
         <name>.debug_line</name>
         <load_address>0x1e0b</load_address>
         <run_address>0x1e0b</run_address>
         <size>0x20</size>
         <input_file_ref idref="fl-52"/>
      </object_component>
      <object_component id="oc-316">
         <name>.debug_line</name>
         <load_address>0x1e2b</load_address>
         <run_address>0x1e2b</run_address>
         <size>0x9a</size>
         <input_file_ref idref="fl-52"/>
      </object_component>
      <object_component id="oc-32c">
         <name>.debug_frame</name>
         <load_address>0x0</load_address>
         <run_address>0x0</run_address>
         <size>0x3c</size>
         <input_file_ref idref="fl-2"/>
      </object_component>
      <object_component id="oc-255">
         <name>.debug_frame</name>
         <load_address>0x3c</load_address>
         <run_address>0x3c</run_address>
         <size>0x44</size>
         <input_file_ref idref="fl-2"/>
      </object_component>
      <object_component id="oc-1f3">
         <name>.debug_frame</name>
         <load_address>0x80</load_address>
         <run_address>0x80</run_address>
         <size>0x4c</size>
         <input_file_ref idref="fl-2"/>
      </object_component>
      <object_component id="oc-191">
         <name>.debug_frame</name>
         <load_address>0xcc</load_address>
         <run_address>0xcc</run_address>
         <size>0x64</size>
         <input_file_ref idref="fl-2"/>
      </object_component>
      <object_component id="oc-34b">
         <name>.debug_frame</name>
         <load_address>0x130</load_address>
         <run_address>0x130</run_address>
         <size>0x3c</size>
         <input_file_ref idref="fl-2"/>
      </object_component>
      <object_component id="oc-2ae">
         <name>.debug_frame</name>
         <load_address>0x16c</load_address>
         <run_address>0x16c</run_address>
         <size>0x3c</size>
         <input_file_ref idref="fl-2"/>
      </object_component>
      <object_component id="oc-27d">
         <name>.debug_frame</name>
         <load_address>0x1a8</load_address>
         <run_address>0x1a8</run_address>
         <size>0x40</size>
         <input_file_ref idref="fl-2"/>
      </object_component>
      <object_component id="oc-26b">
         <name>.debug_frame</name>
         <load_address>0x1e8</load_address>
         <run_address>0x1e8</run_address>
         <size>0x3c</size>
         <input_file_ref idref="fl-2"/>
      </object_component>
      <object_component id="oc-271">
         <name>.debug_frame</name>
         <load_address>0x224</load_address>
         <run_address>0x224</run_address>
         <size>0x3c</size>
         <input_file_ref idref="fl-2"/>
      </object_component>
      <object_component id="oc-277">
         <name>.debug_frame</name>
         <load_address>0x260</load_address>
         <run_address>0x260</run_address>
         <size>0x3c</size>
         <input_file_ref idref="fl-2"/>
      </object_component>
      <object_component id="oc-28a">
         <name>.debug_frame</name>
         <load_address>0x29c</load_address>
         <run_address>0x29c</run_address>
         <size>0x40</size>
         <input_file_ref idref="fl-2"/>
      </object_component>
      <object_component id="oc-290">
         <name>.debug_frame</name>
         <load_address>0x2dc</load_address>
         <run_address>0x2dc</run_address>
         <size>0x40</size>
         <input_file_ref idref="fl-2"/>
      </object_component>
      <object_component id="oc-296">
         <name>.debug_frame</name>
         <load_address>0x31c</load_address>
         <run_address>0x31c</run_address>
         <size>0x40</size>
         <input_file_ref idref="fl-2"/>
      </object_component>
      <object_component id="oc-29c">
         <name>.debug_frame</name>
         <load_address>0x35c</load_address>
[...]
         <name>__TI_int26</name>
         <value>0xfff4</value>
         <object_component_ref idref="oc-5f"/>
      </symbol>
      <symbol id="sm-33a">
         <name>__TI_int27</name>
         <value>0xfff6</value>
         <object_component_ref idref="oc-60"/>
      </symbol>
      <symbol id="sm-33d">
         <name>__TI_int28</name>
         <value>0xfff8</value>
         <object_component_ref idref="oc-61"/>
      </symbol>
      <symbol id="sm-340">
         <name>__TI_int29</name>
         <value>0xfffa</value>
         <object_component_ref idref="oc-62"/>
      </symbol>
      <symbol id="sm-343">
         <name>__TI_int30</name>
         <value>0xfffc</value>
         <object_component_ref idref="oc-63"/>
      </symbol>
      <symbol id="sm-34b">
         <name>__TI_ISR_TRAP</name>
         <value>0x5aea</value>
         <object_component_ref idref="oc-187"/>
      </symbol>
      <symbol id="sm-353">
         <name>__mspabi_mpyi_hw</name>
         <value>0x545e</value>
         <object_component_ref idref="oc-395"/>
      </symbol>
      <symbol id="sm-35c">
         <name>__mspabi_mpyl_hw</name>
         <value>0x52c2</value>
         <object_component_ref idref="oc-38c"/>
      </symbol>
      <symbol id="sm-36e">
         <name>_stack</name>
         <value>0x30b0</value>
         <object_component_ref idref="oc-15c"/>
      </symbol>
      <symbol id="sm-36f">
         <name>_c_int00_noargs</name>
         <value>0x53ec</value>
         <object_component_ref idref="oc-1aa"/>
      </symbol>
      <symbol id="sm-370">
         <name>_reset_vector</name>
         <value>0xfffe</value>
         <object_component_ref idref="oc-15f"/>
      </symbol>
      <symbol id="sm-392">
         <name>__TI_auto_init_nobinit_nopinit_hold_wdt</name>
         <value>0x50da</value>
         <object_component_ref idref="oc-2e1"/>
      </symbol>
      <symbol id="sm-3aa">
         <name>__TI_zero_init_nomemset</name>
         <value>0x544a</value>
         <object_component_ref idref="oc-198"/>
      </symbol>
      <symbol id="sm-3b5">
         <name>_system_pre_init</name>
         <value>0x54d2</value>
         <object_component_ref idref="oc-202"/>
      </symbol>
      <symbol id="sm-3be">
         <name>_system_post_cinit</name>
         <value>0x54d6</value>
         <object_component_ref idref="oc-361"/>
      </symbol>
      <symbol id="sm-3d4">
         <name>__TI_decompress_none</name>
         <value>0x5472</value>
         <object_component_ref idref="oc-4d"/>
      </symbol>
      <symbol id="sm-3f7">
         <name>__TI_decompress_lzss</name>
         <value>0x5002</value>
         <object_component_ref idref="oc-47"/>
      </symbol>
      <symbol id="sm-41d">
         <name>__mspabi_divd</name>
         <value>0x42d4</value>
         <object_component_ref idref="oc-239"/>
      </symbol>
      <symbol id="sm-434">
         <name>__mspabi_fltlid</name>
         <value>0x4e46</value>
         <object_component_ref idref="oc-22d"/>
      </symbol>
      <symbol id="sm-44f">
         <name>__TI_frcdivd</name>
         <value>0x3100</value>
         <object_component_ref idref="oc-31a"/>
      </symbol>
      <symbol id="sm-471">
         <name>__mspabi_mpyd</name>
         <value>0x3e28</value>
         <object_component_ref idref="oc-233"/>
      </symbol>
      <symbol id="sm-484">
         <name>__mspabi_cvtdf</name>
         <value>0x4ef2</value>
         <object_component_ref idref="oc-23f"/>
      </symbol>
      <symbol id="sm-48e">
         <name>C$$EXIT</name>
         <value>0x54cc</value>
         <object_component_ref idref="oc-2bd"/>
      </symbol>
      <symbol id="sm-48f">
         <name>abort</name>
         <value>0x54cc</value>
         <object_component_ref idref="oc-2bd"/>
      </symbol>
      <symbol id="sm-49f">
         <name>memcpy</name>
         <value>0x5484</value>
         <object_component_ref idref="oc-17a"/>
      </symbol>
      <symbol id="sm-4ad">
         <name>strcmp</name>
         <value>0x5408</value>
         <object_component_ref idref="oc-27f"/>
      </symbol>
      <symbol id="sm-4ba">
         <name>strlen</name>
         <value>0x54a6</value>
         <object_component_ref idref="oc-32d"/>
      </symbol>
      <symbol id="sm-4c2">
         <name>__mspabi_srai</name>
         <value>0x52f0</value>
         <object_component_ref idref="oc-30d"/>
      </symbol>
      <symbol id="sm-4c3">
         <name>__mspabi_srai_8</name>
         <value>0x530a</value>
         <object_component_ref idref="oc-30d"/>
      </symbol>
      <symbol id="sm-4c4">
         <name>__mspabi_srai_9</name>
         <value>0x5308</value>
         <object_component_ref idref="oc-30d"/>
      </symbol>
      <symbol id="sm-4c5">
         <name>__mspabi_srai_6</name>
         <value>0x530e</value>
         <object_component_ref idref="oc-30d"/>
      </symbol>
      <symbol id="sm-4c6">
         <name>__mspabi_srai_7</name>
         <value>0x530c</value>
         <object_component_ref idref="oc-30d"/>
      </symbol>
      <symbol id="sm-4c7">
         <name>__mspabi_srai_4</name>
         <value>0x5312</value>
         <object_component_ref idref="oc-30d"/>
      </symbol>
      <symbol id="sm-4c8">
         <name>__mspabi_srai_5</name>
         <value>0x5310</value>
         <object_component_ref idref="oc-30d"/>
      </symbol>
      <symbol id="sm-4c9">
         <name>__mspabi_srai_2</name>
         <value>0x5316</value>
         <object_component_ref idref="oc-30d"/>
      </symbol>
      <symbol id="sm-4ca">
         <name>__mspabi_srai_3</name>
         <value>0x5314</value>
         <object_component_ref idref="oc-30d"/>
      </symbol>
      <symbol id="sm-4cb">
         <name>__mspabi_srai_1</name>
         <value>0x5318</value>
         <object_component_ref idref="oc-30d"/>
      </symbol>
      <symbol id="sm-4cc">
         <name>__mspabi_srai_15</name>
         <value>0x52fc</value>
         <object_component_ref idref="oc-30d"/>
      </symbol>
      <symbol id="sm-4cd">
         <name>__mspabi_srai_14</name>
         <value>0x52fe</value>
         <object_component_ref idref="oc-30d"/>
      </symbol>
      <symbol id="sm-4ce">
         <name>__mspabi_srai_13</name>
         <value>0x5300</value>
         <object_component_ref idref="oc-30d"/>
      </symbol>
      <symbol id="sm-4cf">
         <name>__mspabi_srai_12</name>
         <value>0x5302</value>
         <object_component_ref idref="oc-30d"/>
      </symbol>
      <symbol id="sm-4d0">
         <name>__mspabi_srai_11</name>
         <value>0x5304</value>
         <object_component_ref idref="oc-30d"/>
      </symbol>
      <symbol id="sm-4d1">
         <name>__mspabi_srai_10</name>
         <value>0x5306</value>
         <object_component_ref idref="oc-30d"/>
      </symbol>
      <symbol id="sm-4d9">
         <name>__mspabi_sral_15</name>
         <value>0x5246</value>
         <object_component_ref idref="oc-387"/>
      </symbol>
      <symbol id="sm-4da">
         <name>__mspabi_sral_14</name>
         <value>0x524a</value>
         <object_component_ref idref="oc-387"/>
      </symbol>
      <symbol id="sm-4db">
         <name>__mspabi_sral_13</name>
         <value>0x524e</value>
         <object_component_ref idref="oc-387"/>
      </symbol>
      <symbol id="sm-4dc">
         <name>__mspabi_sral_12</name>
         <value>0x5252</value>
         <object_component_ref idref="oc-387"/>
      </symbol>
      <symbol id="sm-4dd">
         <name>__mspabi_sral_11</name>
         <value>0x5256</value>
         <object_component_ref idref="oc-387"/>
      </symbol>
      <symbol id="sm-4de">
         <name>__mspabi_sral_10</name>
         <value>0x525a</value>
         <object_component_ref idref="oc-387"/>
      </symbol>
      <symbol id="sm-4df">
         <name>__mspabi_sral_8</name>
         <value>0x5262</value>
         <object_component_ref idref="oc-387"/>
      </symbol>
      <symbol id="sm-4e0">
         <name>__mspabi_sral_9</name>
         <value>0x525e</value>
         <object_component_ref idref="oc-387"/>
      </symbol>
      <symbol id="sm-4e1">
         <name>__mspabi_sral_6</name>
         <value>0x526a</value>
         <object_component_ref idref="oc-387"/>
      </symbol>
      <symbol id="sm-4e2">
         <name>__mspabi_sral_7</name>
         <value>0x5266</value>
         <object_component_ref idref="oc-387"/>
      </symbol>
      <symbol id="sm-4e3">
         <name>__mspabi_sral_4</name>
         <value>0x5272</value>
         <object_component_ref idref="oc-387"/>
      </symbol>
      <symbol id="sm-4e4">
         <name>__mspabi_sral_5</name>
         <value>0x526e</value>
         <object_component_ref idref="oc-387"/>
      </symbol>
      <symbol id="sm-4e5">
         <name>__mspabi_sral_2</name>
         <value>0x527a</value>
         <object_component_ref idref="oc-387"/>
      </symbol>
      <symbol id="sm-4e6">
         <name>__mspabi_sral_3</name>
         <value>0x5276</value>
         <object_component_ref idref="oc-387"/>
      </symbol>
      <symbol id="sm-4e7">
         <name>__mspabi_sral_1</name>
         <value>0x527e</value>
         <object_component_ref idref="oc-387"/>
      </symbol>
      <symbol id="sm-4ef">
         <name>__mspabi_slli</name>
         <value>0x531c</value>
         <object_component_ref idref="oc-160"/>
      </symbol>
      <symbol id="sm-4f0">
         <name>__mspabi_slli_9</name>
         <value>0x5334</value>
         <object_component_ref idref="oc-160"/>
      </symbol>
      <symbol id="sm-4f1">
         <name>__mspabi_slli_8</name>
         <value>0x5336</value>
         <object_component_ref idref="oc-160"/>
      </symbol>
      <symbol id="sm-4f2">
         <name>__mspabi_slli_7</name>
         <value>0x5338</value>
         <object_component_ref idref="oc-160"/>
      </symbol>
      <symbol id="sm-4f3">
         <name>__mspabi_slli_6</name>
         <value>0x533a</value>
         <object_component_ref idref="oc-160"/>
      </symbol>
      <symbol id="sm-4f4">
         <name>__mspabi_slli_5</name>
         <value>0x533c</value>
         <object_component_ref idref="oc-160"/>
      </symbol>
      <symbol id="sm-4f5">
         <name>__mspabi_slli_4</name>
         <value>0x533e</value>
         <object_component_ref idref="oc-160"/>
      </symbol>
      <symbol id="sm-4f6">
         <name>__mspabi_slli_3</name>
         <value>0x5340</value>
         <object_component_ref idref="oc-160"/>
      </symbol>
      <symbol id="sm-4f7">
         <name>__mspabi_slli_2</name>
         <value>0x5342</value>
         <object_component_ref idref="oc-160"/>
      </symbol>
      <symbol id="sm-4f8">
         <name>__mspabi_slli_1</name>
         <value>0x5344</value>
         <object_component_ref idref="oc-160"/>
      </symbol>
      <symbol id="sm-4f9">
         <name>__mspabi_slli_15</name>
         <value>0x5328</value>
         <object_component_ref idref="oc-160"/>
      </symbol>
      <symbol id="sm-4fa">
         <name>__mspabi_slli_14</name>
         <value>0x532a</value>
         <object_component_ref idref="oc-160"/>
      </symbol>
      <symbol id="sm-4fb">
         <name>__mspabi_slli_13</name>
         <value>0x532c</value>
         <object_component_ref idref="oc-160"/>
      </symbol>
      <symbol id="sm-4fc">
         <name>__mspabi_slli_12</name>
         <value>0x532e</value>
         <object_component_ref idref="oc-160"/>
      </symbol>
      <symbol id="sm-4fd">
         <name>__mspabi_slli_11</name>
         <value>0x5330</value>
         <object_component_ref idref="oc-160"/>
      </symbol>
      <symbol id="sm-4fe">
         <name>__mspabi_slli_10</name>
         <value>0x5332</value>
         <object_component_ref idref="oc-160"/>
      </symbol>
      <symbol id="sm-506">
         <name>__mspabi_slll_9</name>
         <value>0x529c</value>
         <object_component_ref idref="oc-2fc"/>
      </symbol>
      <symbol id="sm-507">
         <name>__mspabi_slll_8</name>
         <value>0x52a0</value>
         <object_component_ref idref="oc-2fc"/>
      </symbol>
      <symbol id="sm-508">
         <name>__mspabi_slll_7</name>
         <value>0x52a4</value>
         <object_component_ref idref="oc-2fc"/>
      </symbol>
      <symbol id="sm-509">
         <name>__mspabi_slll_6</name>
         <value>0x52a8</value>
         <object_component_ref idref="oc-2fc"/>
      </symbol>
      <symbol id="sm-50a">
         <name>__mspabi_slll_5</name>
         <value>0x52ac</value>
         <object_component_ref idref="oc-2fc"/>
      </symbol>
      <symbol id="sm-50b">
         <name>__mspabi_slll_4</name>
         <value>0x52b0</value>
         <object_component_ref idref="oc-2fc"/>
      </symbol>
      <symbol id="sm-50c">
         <name>__mspabi_slll_3</name>
         <value>0x52b4</value>
         <object_component_ref idref="oc-2fc"/>
      </symbol>
      <symbol id="sm-50d">
         <name>__mspabi_slll_2</name>
         <value>0x52b8</value>
         <object_component_ref idref="oc-2fc"/>
      </symbol>
      <symbol id="sm-50e">
         <name>__mspabi_slll_1</name>
         <value>0x52bc</value>
         <object_component_ref idref="oc-2fc"/>
      </symbol>
      <symbol id="sm-50f">
         <name>__mspabi_slll_15</name>
         <value>0x5284</value>
         <object_component_ref idref="oc-2fc"/>
      </symbol>
      <symbol id="sm-510">
         <name>__mspabi_slll_14</name>
         <value>0x5288</value>
         <object_component_ref idref="oc-2fc"/>
      </symbol>
      <symbol id="sm-511">
         <name>__mspabi_slll_13</name>
         <value>0x528c</value>
         <object_component_ref idref="oc-2fc"/>
      </symbol>
      <symbol id="sm-512">
         <name>__mspabi_slll_12</name>
         <value>0x5290</value>
         <object_component_ref idref="oc-2fc"/>
      </symbol>
      <symbol id="sm-513">
         <name>__mspabi_slll_11</name>
         <value>0x5294</value>
         <object_component_ref idref="oc-2fc"/>
      </symbol>
      <symbol id="sm-514">
         <name>__mspabi_slll_10</name>
         <value>0x5298</value>
         <object_component_ref idref="oc-2fc"/>
      </symbol>
      <symbol id="sm-51c">
         <name>__mspabi_srli_8</name>
         <value>0x515c</value>
         <object_component_ref idref="oc-165"/>
      </symbol>
      <symbol id="sm-51d">
         <name>__mspabi_srli_9</name>
         <value>0x5158</value>
         <object_component_ref idref="oc-165"/>
      </symbol>
      <symbol id="sm-51e">
         <name>__mspabi_srli_6</name>
         <value>0x5164</value>
         <object_component_ref idref="oc-165"/>
      </symbol>
      <symbol id="sm-51f">
         <name>__mspabi_srli_7</name>
         <value>0x5160</value>
         <object_component_ref idref="oc-165"/>
      </symbol>
      <symbol id="sm-520">
         <name>__mspabi_srli_4</name>
         <value>0x516c</value>
         <object_component_ref idref="oc-165"/>
      </symbol>
      <symbol id="sm-521">
         <name>__mspabi_srli_5</name>
         <value>0x5168</value>
         <object_component_ref idref="oc-165"/>
      </symbol>
      <symbol id="sm-522">
         <name>__mspabi_srli_2</name>
         <value>0x5174</value>
         <object_component_ref idref="oc-165"/>
      </symbol>
      <symbol id="sm-523">
         <name>__mspabi_srli_3</name>
         <value>0x5170</value>
         <object_component_ref idref="oc-165"/>
      </symbol>
      <symbol id="sm-524">
         <name>__mspabi_srli_1</name>
         <value>0x5178</value>
         <object_component_ref idref="oc-165"/>
      </symbol>
      <symbol id="sm-525">
         <name>__mspabi_srli</name>
         <value>0x5132</value>
         <object_component_ref idref="oc-165"/>
      </symbol>
      <symbol id="sm-526">
         <name>__mspabi_srli_15</name>
         <value>0x5140</value>
         <object_component_ref idref="oc-165"/>
      </symbol>
      <symbol id="sm-527">
         <name>__mspabi_srli_14</name>
         <value>0x5144</value>
         <object_component_ref idref="oc-165"/>
      </symbol>
      <symbol id="sm-528">
         <name>__mspabi_srli_13</name>
         <value>0x5148</value>
         <object_component_ref idref="oc-165"/>
      </symbol>
      <symbol id="sm-529">
         <name>__mspabi_srli_12</name>
         <value>0x514c</value>
         <object_component_ref idref="oc-165"/>
      </symbol>
      <symbol id="sm-52a">
         <name>__mspabi_srli_11</name>
         <value>0x5150</value>
         <object_component_ref idref="oc-165"/>
      </symbol>
      <symbol id="sm-52b">
         <name>__mspabi_srli_10</name>
         <value>0x5154</value>
         <object_component_ref idref="oc-165"/>
      </symbol>
      <symbol id="sm-533">
         <name>__mspabi_srll_8</name>
         <value>0x50a8</value>
         <object_component_ref idref="oc-301"/>
      </symbol>
      <symbol id="sm-534">
         <name>__mspabi_srll_9</name>
         <value>0x50a2</value>
         <object_component_ref idref="oc-301"/>
      </symbol>
      <symbol id="sm-535">
         <name>__mspabi_srll_6</name>
         <value>0x50b4</value>
         <object_component_ref idref="oc-301"/>
      </symbol>
      <symbol id="sm-536">
         <name>__mspabi_srll_7</name>
         <value>0x50ae</value>
         <object_component_ref idref="oc-301"/>
      </symbol>
      <symbol id="sm-537">
         <name>__mspabi_srll_4</name>
         <value>0x50c0</value>
         <object_component_ref idref="oc-301"/>
      </symbol>
      <symbol id="sm-538">
         <name>__mspabi_srll_5</name>
         <value>0x50ba</value>
         <object_component_ref idref="oc-301"/>
      </symbol>
      <symbol id="sm-539">
         <name>__mspabi_srll_2</name>
         <value>0x50cc</value>
         <object_component_ref idref="oc-301"/>
      </symbol>
      <symbol id="sm-53a">
         <name>__mspabi_srll_3</name>
         <value>0x50c6</value>
         <object_component_ref idref="oc-301"/>
      </symbol>
      <symbol id="sm-53b">
         <name>__mspabi_srll_1</name>
         <value>0x50d2</value>
         <object_component_ref idref="oc-301"/>
      </symbol>
      <symbol id="sm-53c">
         <name>__mspabi_srll_15</name>
         <value>0x507e</value>
         <object_component_ref idref="oc-301"/>
      </symbol>
      <symbol id="sm-53d">
         <name>__mspabi_srll_14</name>
         <value>0x5084</value>
         <object_component_ref idref="oc-301"/>
      </symbol>
      <symbol id="sm-53e">
         <name>__mspabi_srll_13</name>
         <value>0x508a</value>
         <object_component_ref idref="oc-301"/>
      </symbol>
      <symbol id="sm-53f">
         <name>__mspabi_srll_12</name>
         <value>0x5090</value>
         <object_component_ref idref="oc-301"/>
      </symbol>
      <symbol id="sm-540">
         <name>__mspabi_srll_11</name>
         <value>0x5096</value>
         <object_component_ref idref="oc-301"/>
      </symbol>
      <symbol id="sm-541">
         <name>__mspabi_srll_10</name>
         <value>0x509c</value>
         <object_component_ref idref="oc-301"/>
      </symbol>
      <symbol id="sm-555">
         <name>__TI_frcmpyd</name>
         <value>0x3ba2</value>
         <object_component_ref idref="oc-312"/>
      </symbol>
   </symbol_table>
   <title>Link successful</title>
</link_info>
