         ns       /test_bench/RUN    /test_bench/L1/E                  
          delta         /test_bench/PG   /test_bench/L2/PGOUT          
                              /test_bench/Z                            
                                /test_bench/L1/B                       
                                   /test_bench/L2/START                
          0  +0                 0 4'h0 4'h0 4'h0 4'h0 0  4'h0 
          0  +1                 1 4'h0 4'h0 4'h0 4'h0 1  4'h0 
         10  +0                 0 4'h0 4'h0 4'h0 4'h0 0  4'h0 
         30  +0                 0 4'h1 4'h0 4'h1 4'h0 0  4'h1 
         30  +1                 0 4'h1 4'hF 4'h1 4'hF 0  4'h1 
         50  +0                 0 4'h2 4'hF 4'h2 4'hF 0  4'h2 
         70  +0                 0 4'h3 4'hF 4'h3 4'hF 0  4'h3 
         90  +0                 0 4'h4 4'hF 4'h4 4'hF 0  4'h4 
         90  +1                 0 4'h4 4'h4 4'h4 4'h4 0  4'h4 
        110  +0                 0 4'h5 4'h4 4'h5 4'h4 0  4'h5 
        110  +1                 0 4'h5 4'h3 4'h5 4'h3 0  4'h5 
        130  +0                 0 4'h6 4'h3 4'h6 4'h3 0  4'h6 
        130  +1                 0 4'h6 4'h2 4'h6 4'h2 0  4'h6 
        150  +0                 0 4'h7 4'h2 4'h7 4'h2 0  4'h7 
        150  +1                 0 4'h7 4'h1 4'h7 4'h1 0  4'h7 
        170  +0                 0 4'h8 4'h1 4'h8 4'h1 0  4'h8 
        170  +1                 0 4'h8 4'h8 4'h8 4'h8 0  4'h8 
        190  +0                 0 4'h9 4'h8 4'h9 4'h8 0  4'h9 
        190  +1                 0 4'h9 4'h7 4'h9 4'h7 0  4'h9 
        210  +0                 0 4'hA 4'h7 4'hA 4'h7 0  4'hA 
        210  +1                 0 4'hA 4'h6 4'hA 4'h6 0  4'hA 
        230  +0                 0 4'hB 4'h6 4'hB 4'h6 0  4'hB 
        230  +1                 0 4'hB 4'h5 4'hB 4'h5 0  4'hB 
        250  +0                 0 4'hC 4'h5 4'hC 4'h5 0  4'hC 
        250  +1                 0 4'hC 4'hF 4'hC 4'hF 0  4'hC 
        270  +0                 0 4'hD 4'hF 4'hD 4'hF 0  4'hD 
        290  +0                 0 4'hE 4'hF 4'hE 4'hF 0  4'hE 
        310  +0                 0 4'hF 4'hF 4'hF 4'hF 0  4'hF 
        310  +1                 0 4'hF 4'h9 4'hF 4'h9 0  4'hF 
