         ns       /test_bench/RUN    /test_bench/L1/E   /test_bench/L1/T4   /test_bench/L1/T9   /test_bench/L1/T14   /test_bench/L1/U2/I   /test_bench/L1/U4/I0   /test_bench/L1/U6/I1   /test_bench/L1/U7/O   /test_bench/L1/U9/I1   /test_bench/L1/U10/I0   /test_bench/L1/U11/O  /test_bench/L1/U13/I2  /test_bench/L1/U14/I1  /test_bench/L1/U15/I0  /test_bench/L1/U16/I0  /test_bench/L1/U17/I0  /test_bench/L1/U18/I1                                                                                                             
          delta         /test_bench/PG   /test_bench/L1/T1   /test_bench/L1/T6   /test_bench/L1/T11   /test_bench/L1/U0/O   /test_bench/L1/U3/I   /test_bench/L1/U5/I1   /test_bench/L1/U6/O   /test_bench/L1/U8/I0   /test_bench/L1/U9/O   /test_bench/L1/U11/I2  /test_bench/L1/U12/I1  /test_bench/L1/U13/I0  /test_bench/L1/U14/O  /test_bench/L1/U16/I3  /test_bench/L1/U17/I3  /test_bench/L1/U18/I4  /test_bench/L1/U18/O                                                                                                         
                              /test_bench/Z   /test_bench/L1/T2   /test_bench/L1/T7   /test_bench/L1/T12   /test_bench/L1/U1/I   /test_bench/L1/U3/O   /test_bench/L1/U5/I0   /test_bench/L1/U7/I1   /test_bench/L1/U8/O   /test_bench/L1/U10/I2   /test_bench/L1/U11/I1  /test_bench/L1/U12/I0  /test_bench/L1/U13/O  /test_bench/L1/U15/I2  /test_bench/L1/U16/I2  /test_bench/L1/U17/I2  /test_bench/L1/U18/I3  /test_bench/L2/START                                                                                                  
                                /test_bench/L1/B   /test_bench/L1/T3   /test_bench/L1/T8   /test_bench/L1/T13   /test_bench/L1/U1/O   /test_bench/L1/U4/I1   /test_bench/L1/U5/O   /test_bench/L1/U7/I0   /test_bench/L1/U9/I2   /test_bench/L1/U10/I1   /test_bench/L1/U11/I0  /test_bench/L1/U12/O  /test_bench/L1/U14/I2  /test_bench/L1/U15/I1  /test_bench/L1/U16/I1  /test_bench/L1/U17/I1  /test_bench/L1/U18/I2  /test_bench/L2/PGOUT                                                                                            
                                      /test_bench/L1/T0   /test_bench/L1/T5   /test_bench/L1/T10   /test_bench/L1/U0/I   /test_bench/L1/U2/O   /test_bench/L1/U4/O   /test_bench/L1/U6/I0   /test_bench/L1/U8/I1   /test_bench/L1/U9/I0   /test_bench/L1/U10/O  /test_bench/L1/U12/I2  /test_bench/L1/U13/I1  /test_bench/L1/U14/I0  /test_bench/L1/U15/O   /test_bench/L1/U16/O   /test_bench/L1/U17/O  /test_bench/L1/U18/I0                                                                                                           
          0  +0                 0 4'h0 4'h0 4'h0 4'h0 0  0    0    0    0 0  0    0    0    0  0  0    0    0    0   0  0    0    0    0   0  0    0     0    0  0   0    0    0     0  0  0     0    0    0   0  0    0     0    0   0 0      0     0    0  0  0      0     0   0  0  0      0    0    0  0  0     0     0    0  0 0      0     0    0 0  0      0     0    0 0  0      0     0    0 0  0      0     0    0 0 0      0  4'h0 
          0  +1                 1 4'h0 4'h0 4'h0 4'h0 0  0    0    0    0 0  0    0    0    0  0  0    0    0    0   0  0    0    0    0   0  0    0     0    0  0   0    0    0     0  0  0     0    0    0   0  0    0     0    0   0 0      0     0    0  0  0      0     0   0  0  0      0    0    0  0  0     0     0    0  0 0      0     0    0 0  0      0     0    0 0  0      0     0    0 0  0      0     0    0 0 0      1  4'h0 
          1  +0                 1 4'h0 4'h0 4'h0 4'h0 1  1    1    1    0 0  0    0    0    0  0  0    0    0    0   0  1    0    1    0   1  0    1     0    0  0   1    0    0     1  0  0     1    0    0   0  1    0     0    1   1 0      1     1    0  0  1      1     0   0  0  0      1    0    0  0  1     0     0    1  1 0      0     0    0 0  0      0     0    0 0  0      0     0    0 0  0      0     0    0 0 0      1  4'h0 
         10  +0                 0 4'h0 4'h0 4'h0 4'h0 1  1    1    1    0 0  0    0    0    0  0  0    0    0    0   0  1    0    1    0   1  0    1     0    0  0   1    0    0     1  0  0     1    0    0   0  1    0     0    1   1 0      1     1    0  0  1      1     0   0  0  0      1    0    0  0  1     0     0    1  1 0      0     0    0 0  0      0     0    0 0  0      0     0    0 0  0      0     0    0 0 0      0  4'h0 
         30  +0                 0 4'h1 4'h0 4'h1 4'h0 1  1    1    1    0 0  0    0    0    0  0  0    0    0    0   1  1    0    1    0   1  0    1     0    0  0   1    1    0     1  0  0     1    1    0   0  1    0     0    1   1 0      1     1    1  0  1      1     0   0  0  0      1    0    0  0  1     0     0    1  1 0      1     0    0 0  0      0     0    0 0  0      0     0    0 0  0      0     0    0 0 0      0  4'h1 
         31  +0                 0 4'h1 4'h1 4'h1 4'h1 0  1    1    1    0 1  0    1    0    0  1  0    0    0    0   1  0    0    1    0   1  0    1     0    0  0   1    1    1     1  0  0     1    1    1   0  0    0     0    1   0 0      1     1    1  1  1      1     0   0  0  0      1    0    0  0  0     0     0    1  0 0      1     0    0 1  0      0     1    0 0  1      0     1    0 0  1      0     0    0 0 0      0  4'h1 
         32  +0                 0 4'h1 4'hF 4'h1 4'hF 0  1    1    1    0 1  0    1    0    0  1  0    0    0    0   1  0    0    1    0   1  0    1     0    0  0   1    1    1     1  0  0     1    1    1   0  0    0     0    1   0 0      1     1    1  1  1      1     0   0  0  0      1    0    0  0  0     0     0    1  0 0      1     0    0 1  0      0     1    0 1  1      0     1    0 1  1      0     0    0 0 1      0  4'h1 
         50  +0                 0 4'h2 4'hF 4'h2 4'hF 0  1    1    1    0 1  0    1    0    0  1  0    0    0    0   0  0    1    1    0   1  0    1     0    0  0   1    0    1     1  1  0     1    0    1   1  0    0     0    1   0 0      1     1    0  1  1      1     1   0  0  0      1    0    0  1  0     0     0    1  0 0      0     0    0 1  0      0     1    0 1  1      0     1    0 1  1      0     0    0 0 1      0  4'h2 
         51  +0                 0 4'h2 4'hE 4'h2 4'hE 1  0    1    1    0 0  1    0    0    0  0  1    0    0    0   0  1    1    0    0   1  0    1     0    0  0   1    0    0     1  1  1     0    0    0   1  1    0     0    0   1 0      1     1    0  0  1      1     1   1  0  0      0    0    0  1  1     0     0    0  1 0      0     0    1 0  0      0     0    1 1  0      0     0    0 1  0      1     0    0 0 1      0  4'h2 
         52  +0                 0 4'h2 4'hD 4'h2 4'hD 1  0    1    1    0 0  1    0    1    0  0  1    0    0    0   0  1    1    0    0   1  0    1     0    0  0   1    0    0     1  1  1     0    0    0   1  1    1     0    0   1 0      1     1    0  0  1      1     1   1  0  0      0    0    0  1  1     0     0    0  1 0      0     0    1 1  0      0     0    1 1  0      1     0    0 0  0      1     0    0 0 1      0  4'h2 
         53  +0                 0 4'h2 4'hF 4'h2 4'hF 1  0    1    1    0 0  1    0    1    0  0  1    0    0    0   0  1    1    0    0   1  0    1     0    0  0   1    0    0     1  1  1     0    0    0   1  1    1     0    0   1 0      1     1    0  0  1      1     1   1  0  0      0    0    0  1  1     0     0    0  1 0      0     0    1 1  0      0     0    1 1  0      1     0    0 1  0      1     0    0 0 1      0  4'h2 
         70  +0                 0 4'h3 4'hF 4'h3 4'hF 1  0    1    1    0 0  1    0    1    0  0  1    0    0    0   1  1    1    0    0   1  0    1     0    0  0   1    1    0     1  1  1     0    1    0   1  1    1     0    0   1 0      1     1    1  0  1      1     1   1  0  0      0    0    0  1  1     0     0    0  1 0      1     0    1 1  0      0     0    1 1  0      1     0    0 1  0      1     0    0 0 1      0  4'h3 
         71  +0                 0 4'h3 4'hF 4'h3 4'hF 0  0    1    1    0 1  1    0    1    0  1  1    0    0    0   1  0    1    0    0   1  0    1     0    0  0   1    1    1     1  1  1     0    1    0   1  0    1     0    0   0 0      1     1    1  1  1      1     1   1  0  0      0    0    0  1  0     0     0    0  0 0      1     0    1 1  0      0     1    1 1  0      1     1    0 1  1      1     0    0 0 1      0  4'h3 
         72  +0                 0 4'h3 4'hF 4'h3 4'hF 0  0    1    1    0 1  1    0    0    0  1  1    0    0    0   1  0    1    0    0   1  0    1     0    0  0   1    1    1     1  1  1     0    1    0   1  0    0     0    0   0 0      1     1    1  1  1      1     1   1  0  0      0    0    0  1  0     0     0    0  0 0      1     0    1 1  0      0     1    1 1  0      0     1    0 1  1      1     0    0 0 1      0  4'h3 
         90  +0                 0 4'h4 4'hF 4'h4 4'hF 0  0    1    1    0 1  1    0    0    0  1  1    0    0    0   0  0    0    0    1   1  0    1     0    1  0   1    0    1     1  0  1     0    0    0   0  0    0     0    0   0 0      1     1    0  1  1      1     0   1  0  1      0    0    0  0  0     0     1    0  0 0      0     0    1 1  0      0     1    1 1  0      0     1    0 1  1      1     0    0 0 1      0  4'h4 
         91  +0                 0 4'h4 4'hF 4'h4 4'hF 1  1    0    1    0 0  0    0    0    0  0  0    0    0    0   0  1    0    1    1   0  0    1     0    1  0   0    0    0     0  0  0     1    0    0   0  1    0     0    1   1 0      1     0    0  0  1      0     0   0  0  1      1    0    0  0  1     0     1    1  1 0      0     0    0 1  0      0     0    0 1  0      0     0    0 1  0      0     0    0 0 1      0  4'h4 
         92  +0                 0 4'h4 4'h0 4'h4 4'h0 1  1    0    1    0 0  0    0    0    0  0  0    0    0    1   0  1    0    1    1   0  0    1     0    1  0   0    0    0     0  0  0     1    0    0   0  1    0     0    1   1 0      1     0    0  0  1      0     0   0  0  1      1    0    0  0  1     0     1    1  1 1      0     0    0 0  0      0     0    0 0  0      0     0    0 0  0      0     0    0 1 0      0  4'h4 
         93  +0                 0 4'h4 4'h4 4'h4 4'h4 1  1    0    1    0 0  0    0    0    0  0  0    0    0    1   0  1    0    1    1   0  0    1     0    1  0   0    0    0     0  0  0     1    0    0   0  1    0     0    1   1 0      1     0    0  0  1      0     0   0  0  1      1    0    0  0  1     0     1    1  1 1      0     0    0 0  0      0     0    0 0  0      0     0    0 0  0      0     0    0 1 1      0  4'h4 
        110  +0                 0 4'h5 4'h4 4'h5 4'h4 1  1    0    1    0 0  0    0    0    0  0  0    0    0    1   1  1    0    1    1   0  0    1     0    1  0   0    1    0     0  0  0     1    1    0   0  1    0     0    1   1 0      1     0    1  0  1      0     0   0  0  1      1    0    0  0  1     0     1    1  1 1      1     0    0 0  0      0     0    0 0  0      0     0    0 0  0      0     0    0 1 1      0  4'h5 
        111  +0                 0 4'h5 4'h5 4'h5 4'h5 0  1    0    1    0 0  0    1    0    0  0  0    0    0    1   1  0    0    1    1   0  0    1     0    1  0   0    1    0     0  0  0     1    1    1   0  0    0     0    1   0 0      1     0    1  0  1      0     0   0  0  1      1    0    0  0  0     0     1    1  0 1      1     0    0 1  0      0     0    0 0  1      0     0    0 0  0      0     0    0 1 1      0  4'h5 
        112  +0                 0 4'h5 4'h7 4'h5 4'h7 0  1    0    1    0 0  0    1    0    0  0  0    0    0    0   1  0    0    1    1   0  0    1     0    1  0   0    1    0     0  0  0     1    1    1   0  0    0     0    1   0 0      1     0    1  0  1      0     0   0  0  1      1    0    0  0  0     0     1    1  0 0      1     0    0 1  0      0     0    0 0  1      0     0    0 1  0      0     0    0 0 1      0  4'h5 
        113  +0                 0 4'h5 4'h3 4'h5 4'h3 0  1    0    1    0 0  0    1    0    0  0  0    0    0    0   1  0    0    1    1   0  0    1     0    1  0   0    1    0     0  0  0     1    1    1   0  0    0     0    1   0 0      1     0    1  0  1      0     0   0  0  1      1    0    0  0  0     0     1    1  0 0      1     0    0 1  0      0     0    0 0  1      0     0    0 1  0      0     0    0 0 0      0  4'h5 
        130  +0                 0 4'h6 4'h3 4'h6 4'h3 0  1    0    1    0 0  0    1    0    0  0  0    0    0    0   0  0    1    1    1   0  0    1     0    1  0   0    0    0     0  1  0     1    0    1   1  0    0     0    1   0 0      1     0    0  0  1      0     1   0  0  1      1    0    0  1  0     0     1    1  0 0      0     0    0 1  0      0     0    0 0  1      0     0    0 1  0      0     0    0 0 0      0  4'h6 
        131  +0                 0 4'h6 4'h2 4'h6 4'h2 1  0    0    1    0 0  0    0    0    0  0  0    0    0    0   0  1    1    0    1   0  0    1     0    1  0   0    0    0     0  1  0     0    0    0   1  1    0     0    0   1 0      1     0    0  0  1      0     1   0  0  1      0    0    0  1  1     0     1    0  1 0      0     0    0 0  0      0     0    0 0  0      0     0    0 1  0      0     0    0 0 0      0  4'h6 
        132  +0                 0 4'h6 4'h0 4'h6 4'h0 1  0    0    1    0 0  0    0    1    0  0  0    0    0    0   0  1    1    0    1   0  0    1     0    1  0   0    0    0     0  1  0     0    0    0   1  1    1     0    0   1 0      1     0    0  0  1      0     1   0  0  1      0    0    0  1  1     0     1    0  1 0      0     0    0 0  0      0     0    0 0  0      1     0    0 0  0      0     0    0 0 0      0  4'h6 
        133  +0                 0 4'h6 4'h2 4'h6 4'h2 1  0    0    1    0 0  0    0    1    0  0  0    0    0    0   0  1    1    0    1   0  0    1     0    1  0   0    0    0     0  1  0     0    0    0   1  1    1     0    0   1 0      1     0    0  0  1      0     1   0  0  1      0    0    0  1  1     0     1    0  1 0      0     0    0 0  0      0     0    0 0  0      1     0    0 1  0      0     0    0 0 0      0  4'h6 
        150  +0                 0 4'h7 4'h2 4'h7 4'h2 1  0    0    1    0 0  0    0    1    0  0  0    0    0    0   1  1    1    0    1   0  0    1     0    1  0   0    1    0     0  1  0     0    1    0   1  1    1     0    0   1 0      1     0    1  0  1      0     1   0  0  1      0    0    0  1  1     0     1    0  1 0      1     0    0 0  0      0     0    0 0  0      1     0    0 1  0      0     0    0 0 0      0  4'h7 
        151  +0                 0 4'h7 4'h3 4'h7 4'h3 0  0    0    1    0 0  0    0    1    0  0  0    0    0    0   1  0    1    0    1   0  0    1     0    1  0   0    1    0     0  1  0     0    1    0   1  0    1     0    0   0 0      1     0    1  0  1      0     1   0  0  1      0    0    0  1  0     0     1    0  0 0      1     0    0 1  0      0     0    0 0  0      1     0    0 1  0      0     0    0 0 0      0  4'h7 
        152  +0                 0 4'h7 4'h3 4'h7 4'h3 0  0    0    1    0 0  0    0    0    0  0  0    0    0    0   1  0    1    0    1   0  0    1     0    1  0   0    1    0     0  1  0     0    1    0   1  0    0     0    0   0 0      1     0    1  0  1      0     1   0  0  1      0    0    0  1  0     0     1    0  0 0      1     0    0 1  0      0     0    0 0  0      0     0    0 1  0      0     0    0 0 0      0  4'h7 
        153  +0                 0 4'h7 4'h1 4'h7 4'h1 0  0    0    1    0 0  0    0    0    0  0  0    0    0    0   1  0    1    0    1   0  0    1     0    1  0   0    1    0     0  1  0     0    1    0   1  0    0     0    0   0 0      1     0    1  0  1      0     1   0  0  1      0    0    0  1  0     0     1    0  0 0      1     0    0 1  0      0     0    0 0  0      0     0    0 0  0      0     0    0 0 0      0  4'h7 
        170  +0                 0 4'h8 4'h1 4'h8 4'h1 0  0    0    1    0 0  0    0    0    0  0  0    0    0    0   0  0    0    0    0   0  1    1     1    0  0   0    0    0     0  0  0     0    0    0   0  0    0     1    0   0 0      1     0    0  0  1      0     0   0  1  0      0    0    1  0  0     0     0    0  0 0      0     0    0 1  0      0     0    0 0  0      0     0    0 0  0      0     0    0 0 0      0  4'h8 
        171  +0                 0 4'h8 4'h0 4'h8 4'h0 1  1    1    0    0 0  0    0    0    0  0  0    0    0    0   0  1    0    1    0   1  1    0     1    0  0   1    0    0     1  0  0     1    0    0   0  1    0     1    1   1 0      0     1    0  0  0      1     0   0  1  0      1    0    1  0  1     0     0    1  1 0      0     0    0 0  0      0     0    0 0  0      0     0    0 0  0      0     0    0 0 0      0  4'h8 
        172  +0                 0 4'h8 4'h0 4'h8 4'h0 1  1    1    0    0 0  0    0    0    1  0  0    0    0    0   0  1    0    1    0   1  1    0     1    0  0   1    0    0     1  0  0     1    0    0   0  1    0     1    1   1 1      0     1    0  0  0      1     0   0  1  0      1    0    1  0  1     0     0    1  1 0      0     0    0 0  0      1     0    0 0  0      0     0    0 0  0      0     0    0 0 0      0  4'h8 
        173  +0                 0 4'h8 4'h8 4'h8 4'h8 1  1    1    0    0 0  0    0    0    1  0  0    0    0    0   0  1    0    1    0   1  1    0     1    0  0   1    0    0     1  0  0     1    0    0   0  1    0     1    1   1 1      0     1    0  0  0      1     0   0  1  0      1    0    1  0  1     0     0    1  1 0      0     0    0 0  0      1     0    0 1  0      0     0    0 0  0      0     0    0 0 0      0  4'h8 
        190  +0                 0 4'h9 4'h8 4'h9 4'h8 1  1    1    0    0 0  0    0    0    1  0  0    0    0    0   1  1    0    1    0   1  1    0     1    0  0   1    1    0     1  0  0     1    1    0   0  1    0     1    1   1 1      0     1    1  0  0      1     0   0  1  0      1    0    1  0  1     0     0    1  1 0      1     0    0 0  0      1     0    0 1  0      0     0    0 0  0      0     0    0 0 0      0  4'h9 
        191  +0                 0 4'h9 4'h9 4'h9 4'h9 0  1    1    0    0 1  0    1    0    1  0  0    0    0    0   1  0    0    1    0   1  1    0     1    0  0   1    1    1     1  0  0     1    1    1   0  0    0     1    1   0 1      0     1    1  0  0      1     0   0  1  0      1    0    1  0  0     0     0    1  0 0      1     0    0 1  0      1     0    0 1  1      0     0    0 0  1      0     0    0 0 0      0  4'h9 
        192  +0                 0 4'h9 4'hF 4'h9 4'hF 0  1    1    0    0 1  0    1    0    0  0  0    0    0    0   1  0    0    1    0   1  1    0     1    0  0   1    1    1     1  0  0     1    1    1   0  0    0     1    1   0 0      0     1    1  0  0      1     0   0  1  0      1    0    1  0  0     0     0    1  0 0      1     0    0 1  0      0     0    0 1  1      0     0    0 1  1      0     0    0 0 1      0  4'h9 
        193  +0                 0 4'h9 4'h7 4'h9 4'h7 0  1    1    0    0 1  0    1    0    0  0  0    0    0    0   1  0    0    1    0   1  1    0     1    0  0   1    1    1     1  0  0     1    1    1   0  0    0     1    1   0 0      0     1    1  0  0      1     0   0  1  0      1    0    1  0  0     0     0    1  0 0      1     0    0 1  0      0     0    0 0  1      0     0    0 1  1      0     0    0 0 1      0  4'h9 
        210  +0                 0 4'hA 4'h7 4'hA 4'h7 0  1    1    0    0 1  0    1    0    0  0  0    0    0    0   0  0    1    1    0   1  1    0     1    0  0   1    0    1     1  1  0     1    0    1   1  0    0     1    1   0 0      0     1    0  0  0      1     1   0  1  0      1    0    1  1  0     0     0    1  0 0      0     0    0 1  0      0     0    0 0  1      0     0    0 1  1      0     0    0 0 1      0  4'hA 
        211  +0                 0 4'hA 4'h6 4'hA 4'h6 1  0    1    0    0 0  1    0    0    0  0  0    0    0    0   0  1    1    0    0   1  1    0     1    0  0   1    0    0     1  1  1     0    0    0   1  1    0     1    0   1 0      0     1    0  0  0      1     1   0  1  0      0    0    1  1  1     0     0    0  1 0      0     0    0 0  0      0     0    0 0  0      0     0    0 1  0      1     0    0 0 1      0  4'hA 
        212  +0                 0 4'hA 4'h4 4'hA 4'h4 1  0    1    0    0 0  1    0    1    0  0  0    0    1    0   0  1    1    0    0   1  1    0     1    0  0   1    0    0     1  1  1     0    0    0   1  1    1     1    0   1 0      0     1    0  0  0      1     1   0  1  0      0    0    1  1  1     1     0    0  1 0      0     0    0 0  0      0     0    0 0  0      1     0    0 0  0      1     0    1 0 1      0  4'hA 
        213  +0                 0 4'hA 4'h6 4'hA 4'h6 1  0    1    0    0 0  1    0    1    0  0  0    0    1    0   0  1    1    0    0   1  1    0     1    0  0   1    0    0     1  1  1     0    0    0   1  1    1     1    0   1 0      0     1    0  0  0      1     1   0  1  0      0    0    1  1  1     1     0    0  1 0      0     0    0 0  0      0     0    0 0  0      1     0    0 1  0      1     0    1 0 1      0  4'hA 
        230  +0                 0 4'hB 4'h6 4'hB 4'h6 1  0    1    0    0 0  1    0    1    0  0  0    0    1    0   1  1    1    0    0   1  1    0     1    0  0   1    1    0     1  1  1     0    1    0   1  1    1     1    0   1 0      0     1    1  0  0      1     1   0  1  0      0    0    1  1  1     1     0    0  1 0      1     0    0 0  0      0     0    0 0  0      1     0    0 1  0      1     0    1 0 1      0  4'hB 
        231  +0                 0 4'hB 4'h7 4'hB 4'h7 0  0    1    0    0 1  1    0    1    0  0  0    0    1    0   1  0    1    0    0   1  1    0     1    0  0   1    1    1     1  1  1     0    1    0   1  0    1     1    0   0 0      0     1    1  0  0      1     1   0  1  0      0    0    1  1  0     1     0    0  0 0      1     0    0 1  0      0     0    0 0  0      1     0    0 1  1      1     0    1 0 1      0  4'hB 
        232  +0                 0 4'hB 4'h7 4'hB 4'h7 0  0    1    0    0 1  1    0    0    0  0  0    0    0    0   1  0    1    0    0   1  1    0     1    0  0   1    1    1     1  1  1     0    1    0   1  0    0     1    0   0 0      0     1    1  0  0      1     1   0  1  0      0    0    1  1  0     0     0    0  0 0      1     0    0 1  0      0     0    0 0  0      0     0    0 1  1      1     0    0 0 1      0  4'hB 
        233  +0                 0 4'hB 4'h5 4'hB 4'h5 0  0    1    0    0 1  1    0    0    0  0  0    0    0    0   1  0    1    0    0   1  1    0     1    0  0   1    1    1     1  1  1     0    1    0   1  0    0     1    0   0 0      0     1    1  0  0      1     1   0  1  0      0    0    1  1  0     0     0    0  0 0      1     0    0 1  0      0     0    0 0  0      0     0    0 0  1      1     0    0 0 1      0  4'hB 
        250  +0                 0 4'hC 4'h5 4'hC 4'h5 0  0    1    0    0 1  1    0    0    0  0  0    0    0    0   0  0    0    0    1   1  1    0     1    1  0   1    0    1     1  0  1     0    0    0   0  0    0     1    0   0 0      0     1    0  0  0      1     0   0  1  1      0    0    1  0  0     0     1    0  0 0      0     0    0 1  0      0     0    0 0  0      0     0    0 0  1      1     0    0 0 1      0  4'hC 
        251  +0                 0 4'hC 4'h4 4'hC 4'h4 1  1    0    0    1 0  0    0    0    0  0  0    0    0    0   0  1    0    1    1   0  1    0     1    1  1   0    0    0     0  0  0     1    0    0   0  1    0     1    1   1 0      0     0    0  0  0      0     0   0  1  1      1    0    1  0  1     0     1    1  1 0      0     1    0 0  1      0     0    0 0  0      0     0    0 0  0      0     0    0 0 1      0  4'hC 
        252  +0                 0 4'hC 4'h9 4'hC 4'h9 1  1    0    0    1 0  0    0    0    1  0  0    1    0    1   0  1    0    1    1   0  1    0     1    1  1   0    0    0     0  0  0     1    0    0   0  1    0     1    1   1 1      0     0    0  0  0      0     0   0  1  1      1    1    1  0  1     0     1    1  1 1      0     1    0 1  1      1     0    0 1  0      0     0    1 0  0      0     1    0 1 0      0  4'hC 
        253  +0                 0 4'hC 4'hF 4'hC 4'hF 1  1    0    0    1 0  0    0    0    1  0  0    1    0    1   0  1    0    1    1   0  1    0     1    1  1   0    0    0     0  0  0     1    0    0   0  1    0     1    1   1 1      0     0    0  0  0      0     0   0  1  1      1    1    1  0  1     0     1    1  1 1      0     1    0 1  1      1     0    0 1  0      0     0    1 1  0      0     1    0 1 1      0  4'hC 
        270  +0                 0 4'hD 4'hF 4'hD 4'hF 1  1    0    0    1 0  0    0    0    1  0  0    1    0    1   1  1    0    1    1   0  1    0     1    1  1   0    1    0     0  0  0     1    1    0   0  1    0     1    1   1 1      0     0    1  0  0      0     0   0  1  1      1    1    1  0  1     0     1    1  1 1      1     1    0 1  1      1     0    0 1  0      0     0    1 1  0      0     1    0 1 1      0  4'hD 
        271  +0                 0 4'hD 4'hF 4'hD 4'hF 0  1    0    0    1 0  0    1    0    1  0  0    1    0    1   1  0    0    1    1   0  1    0     1    1  1   0    1    0     0  0  0     1    1    1   0  0    0     1    1   0 1      0     0    1  0  0      0     0   0  1  1      1    1    1  0  0     0     1    1  0 1      1     1    0 1  1      1     0    0 1  1      0     0    1 1  0      0     1    0 1 1      0  4'hD 
        272  +0                 0 4'hD 4'hF 4'hD 4'hF 0  1    0    0    1 0  0    1    0    0  0  0    1    0    0   1  0    0    1    1   0  1    0     1    1  1   0    1    0     0  0  0     1    1    1   0  0    0     1    1   0 0      0     0    1  0  0      0     0   0  1  1      1    1    1  0  0     0     1    1  0 0      1     1    0 1  1      0     0    0 1  1      0     0    1 1  0      0     1    0 0 1      0  4'hD 
        290  +0                 0 4'hE 4'hF 4'hE 4'hF 0  1    0    0    1 0  0    1    0    0  0  0    1    0    0   0  0    1    1    1   0  1    0     1    1  1   0    0    0     0  1  0     1    0    1   1  0    0     1    1   0 0      0     0    0  0  0      0     1   0  1  1      1    1    1  1  0     0     1    1  0 0      0     1    0 1  1      0     0    0 1  1      0     0    1 1  0      0     1    0 0 1      0  4'hE 
        291  +0                 0 4'hE 4'hF 4'hE 4'hF 1  0    0    0    1 0  0    0    0    0  0  0    1    0    0   0  1    1    0    1   0  1    0     1    1  1   0    0    0     0  1  0     0    0    0   1  1    0     1    0   1 0      0     0    0  0  0      0     1   0  1  1      0    1    1  1  1     0     1    0  1 0      0     1    0 1  1      0     0    0 1  0      0     0    1 1  0      0     1    0 0 1      0  4'hE 
        292  +0                 0 4'hE 4'hF 4'hE 4'hF 1  0    0    0    1 0  0    0    1    0  0  0    0    1    0   0  1    1    0    1   0  1    0     1    1  1   0    0    0     0  1  0     0    0    0   1  1    1     1    0   1 0      0     0    0  0  0      0     1   0  1  1      0    0    1  1  1     1     1    0  1 0      0     1    0 1  1      0     0    0 1  0      1     0    0 1  0      0     0    1 0 1      0  4'hE 
        310  +0                 0 4'hF 4'hF 4'hF 4'hF 1  0    0    0    1 0  0    0    1    0  0  0    0    1    0   1  1    1    0    1   0  1    0     1    1  1   0    1    0     0  1  0     0    1    0   1  1    1     1    0   1 0      0     0    1  0  0      0     1   0  1  1      0    0    1  1  1     1     1    0  1 0      1     1    0 1  1      0     0    0 1  0      1     0    0 1  0      0     0    1 0 1      0  4'hF 
        311  +0                 0 4'hF 4'hF 4'hF 4'hF 0  0    0    0    1 0  0    0    1    0  0  0    0    1    0   1  0    1    0    1   0  1    0     1    1  1   0    1    0     0  1  0     0    1    0   1  0    1     1    0   0 0      0     0    1  0  0      0     1   0  1  1      0    0    1  1  0     1     1    0  0 0      1     1    0 1  1      0     0    0 1  0      1     0    0 1  0      0     0    1 0 1      0  4'hF 
        312  +0                 0 4'hF 4'hF 4'hF 4'hF 0  0    0    0    1 0  0    0    0    0  0  0    0    0    0   1  0    1    0    1   0  1    0     1    1  1   0    1    0     0  1  0     0    1    0   1  0    0     1    0   0 0      0     0    1  0  0      0     1   0  1  1      0    0    1  1  0     0     1    0  0 0      1     1    0 1  1      0     0    0 1  0      0     0    0 1  0      0     0    0 0 1      0  4'hF 
        313  +0                 0 4'hF 4'h9 4'hF 4'h9 0  0    0    0    1 0  0    0    0    0  0  0    0    0    0   1  0    1    0    1   0  1    0     1    1  1   0    1    0     0  1  0     0    1    0   1  0    0     1    0   0 0      0     0    1  0  0      0     1   0  1  1      0    0    1  1  0     0     1    0  0 0      1     1    0 1  1      0     0    0 1  0      0     0    0 0  0      0     0    0 0 0      0  4'hF 
